Component: ARM Compiler 5.05 update 1 (build 106) Tool: armlink [4d0efa]

==============================================================================

Section Cross References

    main.o(.text) refers to os_core.o(.text) for OSStatInit
    main.o(.text) refers to sdcard.o(.text) for SD_Init
    main.o(.text) refers to os_task.o(.text) for OSTaskCreate
    main.o(.text) refers to os_time.o(.text) for OSTimeDly
    main.o(.text) refers to bsp.o(.data) for BSP
    main.o(.text) refers to tft1_44.o(.data) for TFT
    main.o(.text) refers to led.o(.data) for LED_OPS
    main.o(.text) refers to para.o(.data) for Para
    main.o(.text) refers to main.o(.bss) for Task_Gather_stk
    main.o(.text) refers to app_gather.o(.text) for Task_Gather
    main.o(.text) refers to app_show.o(.text) for Task_Show
    app_gather.o(.text) refers to os_time.o(.text) for OSTimeDly
    app_gather.o(.text) refers to rtk.o(.data) for RTK_OPS
    app_gather.o(.text) refers to led.o(.data) for LED_OPS
    app_gather.o(.text) refers to communicate.o(.data) for Communicate
    app_show.o(.text) refers to fadd.o(.text) for __aeabi_fadd
    app_show.o(.text) refers to os_time.o(.text) for OSTimeDly
    app_show.o(.text) refers to app_show.o(.data) for Show_Test
    app_show.o(.text) refers to rtk.o(.bss) for RTK_XYZ_HP
    app_show.o(.text) refers to tft1_44.o(.data) for TFT
    para.o(.text) refers to ff.o(.text) for f_lseek
    para.o(.text) refers to dfixui.o(.text) for __aeabi_d2uiz
    para.o(.text) refers to printfa.o(i.__0sprintf) for __2sprintf
    para.o(.text) refers to strlen.o(.text) for strlen
    para.o(.text) refers to para.o(.bss) for GPS_Data
    para.o(.text) refers to para.o(.data) for Para
    para.o(.text) refers to rtk.o(.bss) for RTK_RMC
    para.o(.data) refers to para.o(.bss) for Para_Data
    para.o(.data) refers to para.o(.text) for Para_Init
    communicate.o(.text) refers to rtk.o(.bss) for RTK_XYZ_HP
    communicate.o(.text) refers to communicate.o(.bss) for RTK_XYZ_HP_SendData
    communicate.o(.text) refers to usart3.o(.data) for Usart3
    communicate.o(.data) refers to communicate.o(.text) for UpData
    led.o(.text) refers to stm32f10x_gpio.o(.text) for GPIO_Init
    led.o(.data) refers to led.o(.text) for LED_Init
    rtk.o(.text) refers to fflti.o(.text) for __aeabi_i2f
    rtk.o(.text) refers to fadd.o(.text) for __aeabi_fadd
    rtk.o(.text) refers to fmul.o(.text) for __aeabi_fmul
    rtk.o(.text) refers to f2d.o(.text) for __aeabi_f2d
    rtk.o(.text) refers to dmul.o(.text) for __aeabi_dmul
    rtk.o(.text) refers to d2f.o(.text) for __aeabi_d2f
    rtk.o(.text) refers to dflti.o(.text) for __aeabi_i2d
    rtk.o(.text) refers to dadd.o(.text) for __aeabi_dadd
    rtk.o(.text) refers to dfixui.o(.text) for __aeabi_d2uiz
    rtk.o(.text) refers to usart2.o(.data) for Usart2
    rtk.o(.text) refers to rtk.o(.bss) for RTK_RMC
    rtk.o(.text) refers to memcpya.o(.text) for __aeabi_memcpy4
    rtk.o(.text) refers to cfrcmple.o(.text) for __aeabi_cfrcmple
    rtk.o(.text) refers to cfcmple.o(.text) for __aeabi_cfcmple
    rtk.o(.text) refers to dfixi.o(.text) for __aeabi_d2iz
    rtk.o(.text) refers to ddiv.o(.text) for __aeabi_ddiv
    rtk.o(.text) refers to cdcmple.o(.text) for __aeabi_cdcmpeq
    rtk.o(.text) refers to rtk.o(.constdata) for .constdata
    rtk.o(.data) refers to rtk.o(.text) for RTK_Init
    tft1_44.o(.text) refers to stm32f10x_rcc.o(.text) for RCC_APB2PeriphClockCmd
    tft1_44.o(.text) refers to stm32f10x_gpio.o(.text) for GPIO_PinRemapConfig
    tft1_44.o(.text) refers to stm32f10x_spi.o(.text) for SPI_Init
    tft1_44.o(.text) refers to stm32f10x_tim.o(.text) for TIM_TimeBaseInit
    tft1_44.o(.text) refers to fmul.o(.text) for __aeabi_fmul
    tft1_44.o(.text) refers to ffixui.o(.text) for __aeabi_f2uiz
    tft1_44.o(.text) refers to system_stm32f10x.o(.data) for SystemCoreClock
    tft1_44.o(.text) refers to time.o(.data) for Os_Time
    tft1_44.o(.text) refers to tft1_44.o(.constdata) for Zk_ASCII8X16
    tft1_44.o(.text) refers to fadd.o(.text) for __aeabi_fadd
    tft1_44.o(.text) refers to printfa.o(i.__0sprintf) for __2sprintf
    tft1_44.o(.data) refers to tft1_44.o(.text) for TFT_Init
    sdcard.o(.text) refers to stm32f10x_rcc.o(.text) for RCC_APB2PeriphClockCmd
    sdcard.o(.text) refers to stm32f10x_gpio.o(.text) for GPIO_Init
    sdcard.o(.text) refers to stm32f10x_spi.o(.text) for SPI_Init
    sdcard.o(.text) refers to sdcard.o(.bss) for SPI_InitStructure
    sdcard.o(.text) refers to sdcard.o(.data) for SD_Type
    queue.o(.data) refers to queue.o(.text) for Inqueue
    bsp.o(.text) refers to stm32f10x_rcc.o(.text) for RCC_APB2PeriphClockCmd
    bsp.o(.text) refers to stm32f10x_gpio.o(.text) for GPIO_PinRemapConfig
    bsp.o(.text) refers to time.o(.data) for Os_Time
    bsp.o(.text) refers to usart1.o(.data) for Usart1
    bsp.o(.text) refers to usart2.o(.data) for Usart2
    bsp.o(.text) refers to usart3.o(.data) for Usart3
[...]
    remove_chain                             0x08007115   Thumb Code   108  ff.o(.text)
    create_chain                             0x08007181   Thumb Code   214  ff.o(.text)
    dir_sdi                                  0x08007257   Thumb Code   158  ff.o(.text)
    dir_next                                 0x080072f5   Thumb Code   270  ff.o(.text)
    dir_alloc                                0x08007403   Thumb Code    92  ff.o(.text)
    ld_clust                                 0x0800745f   Thumb Code    32  ff.o(.text)
    st_clust                                 0x0800747f   Thumb Code    16  ff.o(.text)
    dir_find                                 0x0800748f   Thumb Code    92  ff.o(.text)
    dir_read                                 0x080074eb   Thumb Code   114  ff.o(.text)
    dir_register                             0x0800755d   Thumb Code    58  ff.o(.text)
    dir_remove                               0x08007597   Thumb Code    54  ff.o(.text)
    get_fileinfo                             0x080075cd   Thumb Code   110  ff.o(.text)
    create_name                              0x0800763b   Thumb Code   336  ff.o(.text)
    follow_path                              0x0800778b   Thumb Code   144  ff.o(.text)
    get_ldnumber                             0x0800781b   Thumb Code    72  ff.o(.text)
    check_fs                                 0x08007863   Thumb Code   140  ff.o(.text)
    find_volume                              0x080078ef   Thumb Code   926  ff.o(.text)
    validate                                 0x08007c8d   Thumb Code    50  ff.o(.text)
    .text                                    0x08008ae6   Section        0  memcpya.o(.text)
    .text                                    0x08008b0a   Section        0  strlen.o(.text)
    .text                                    0x08008b18   Section        0  fadd.o(.text)
    .text                                    0x08008bc8   Section        0  fmul.o(.text)
    .text                                    0x08008c2c   Section        0  fdiv.o(.text)
    .text                                    0x08008ca8   Section        0  dadd.o(.text)
    .text                                    0x08008df6   Section        0  dmul.o(.text)
    .text                                    0x08008eda   Section        0  ddiv.o(.text)
    .text                                    0x08008fb8   Section        0  fflti.o(.text)
    .text                                    0x08008fca   Section        0  ffltui.o(.text)
    .text                                    0x08008fd4   Section        0  dflti.o(.text)
    .text                                    0x08008ff6   Section        0  ffixui.o(.text)
    .text                                    0x0800901e   Section        0  dfixi.o(.text)
    .text                                    0x0800905c   Section        0  dfixui.o(.text)
    .text                                    0x0800908e   Section        0  f2d.o(.text)
    .text                                    0x080090b4   Section       48  cdcmple.o(.text)
    .text                                    0x080090e4   Section        0  d2f.o(.text)
    .text                                    0x0800911c   Section       20  cfcmple.o(.text)
    .text                                    0x08009130   Section       20  cfrcmple.o(.text)
    .text                                    0x08009144   Section        0  uidiv.o(.text)
    .text                                    0x08009170   Section        0  uldiv.o(.text)
    .text                                    0x080091d2   Section        0  llshl.o(.text)
    .text                                    0x080091f0   Section        0  llushr.o(.text)
    .text                                    0x08009210   Section        0  llsshr.o(.text)
    .text                                    0x08009234   Section        0  fepilogue.o(.text)
    .text                                    0x08009234   Section        0  iusefp.o(.text)
    .text                                    0x080092a2   Section        0  depilogue.o(.text)
    .text                                    0x0800935c   Section        0  dfixul.o(.text)
    .text                                    0x0800938c   Section       48  cdrcmple.o(.text)
    .text                                    0x080093bc   Section       36  init.o(.text)
    .text                                    0x080093e0   Section        0  __dczerorl2.o(.text)
    .text                                    0x08009438   Section      164  os_cpu_a.o(.text )
    i.__0sprintf                             0x080094dc   Section        0  printfa.o(i.__0sprintf)
    i.__scatterload_copy                     0x08009504   Section       14  handlers.o(i.__scatterload_copy)
    i.__scatterload_null                     0x08009512   Section        2  handlers.o(i.__scatterload_null)
    i.__scatterload_zeroinit                 0x08009514   Section       14  handlers.o(i.__scatterload_zeroinit)
    i._fp_digits                             0x08009524   Section        0  printfa.o(i._fp_digits)
    _fp_digits                               0x08009525   Thumb Code   334  printfa.o(i._fp_digits)
    i._printf_core                           0x08009688   Section        0  printfa.o(i._printf_core)
    _printf_core                             0x08009689   Thumb Code  1744  printfa.o(i._printf_core)
    i._printf_post_padding                   0x08009d64   Section        0  printfa.o(i._printf_post_padding)
    _printf_post_padding                     0x08009d65   Thumb Code    36  printfa.o(i._printf_post_padding)
    i._printf_pre_padding                    0x08009d88   Section        0  printfa.o(i._printf_pre_padding)
    _printf_pre_padding                      0x08009d89   Thumb Code    46  printfa.o(i._printf_pre_padding)
    i._sputc                                 0x08009db6   Section        0  printfa.o(i._sputc)
    _sputc                                   0x08009db7   Thumb Code    10  printfa.o(i._sputc)
    .constdata                               0x08009dc0   Section      896  rtk.o(.constdata)
    .constdata                               0x0800a140   Section     1520  tft1_44.o(.constdata)
    .constdata                               0x0800a730   Section      256  os_core.o(.constdata)
    .data                                    0x20000000   Section        1  app_show.o(.data)
    .data                                    0x20000004   Section       31  para.o(.data)
    cnt                                      0x20000020   Data           1  para.o(.data)
    cnt                                      0x20000021   Data           1  para.o(.data)
    Close_Flage                              0x20000022   Data           1  para.o(.data)
    .data                                    0x20000024   Section        4  communicate.o(.data)
    .data                                    0x20000028   Section       24  led.o(.data)
    .data                                    0x20000040   Section        8  rtk.o(.data)
    .data                                    0x20000048   Section       36  tft1_44.o(.data)
    .data                                    0x2000006c   Section        1  sdcard.o(.data)
    .data                                    0x20000070   Section       12  queue.o(.data)
    .data                                    0x2000007c   Section        4  bsp.o(.data)
    .data                                    0x20000080   Section       32  adc.o(.data)
    .data                                    0x200000a0   Section       20  time.o(.data)
    .data                                    0x200000b4   Section       28  usart1.o(.data)
    .data                                    0x200000d0   Section       32  usart2.o(.data)
    .data                                    0x200000f0   Section       28  usart3.o(.data)
    .data                                    0x2000010c   Section       20  stm32f10x_rcc.o(.data)
    APBAHBPrescTable                         0x2000010c   Data          16  stm32f10x_rcc.o(.data)
    ADCPrescTable                            0x2000011c   Data           4  stm32f10x_rcc.o(.data)
    .data                                    0x20000120   Section       20  system_stm32f10x.o(.data)
    .data                                    0x20000134   Section       64  os_core.o(.data)
    .data                                    0x20000174   Section        6  ff.o(.data)
    FatFs                                    0x20000174   Data           4  ff.o(.data)
    Fsid                                     0x20000178   Data           2  ff.o(.data)
    .bss                                     0x20000180   Section     4416  main.o(.bss)
    Task_Init_stk                            0x20000180   Data         320  main.o(.bss)
    Task_Gather_stk                          0x200002c0   Data        2048  main.o(.bss)
    Task_Show_stk                            0x20000ac0   Data        2048  main.o(.bss)
    .bss                                     0x200012c0   Section     1176  para.o(.bss)
    .bss                                     0x20001758   Section       96  communicate.o(.bss)
    .bss                                     0x200017b8   Section      224  rtk.o(.bss)
    .bss                                     0x20001898   Section       18  sdcard.o(.bss)
    .bss                                     0x200018ac   Section       96  usart1.o(.bss)
    .bss                                     0x2000190c   Section     1056  usart2.o(.bss)
    .bss                                     0x20001d2c   Section      288  usart3.o(.bss)
    .bss                                     0x20001e4c   Section     3064  os_core.o(.bss)
    STACK                                    0x20002a48   Section     1024  startup_stm32f10x_md.o(STACK)

    Global Symbols

    Symbol Name                              Value     Ov Type        Size  Object(Section)

    BuildAttributes$$THM_ISAv4$P$D$K$B$S$PE$A:L22UL41UL21$X:L11$S22US41US21$IEEE1$IW$USESV6$~STKCKD$USESV7$~SHL$OTIME$ROPI$EBA8$MICROLIB$REQ8$PRES8$EABIv2 0x00000000   Number         0  anon$$obj.o ABSOLUTE
    __ARM_use_no_argv                        0x00000000   Number         0  main.o ABSOLUTE
    _printf_a                                0x00000000   Number         0  stubs.o ABSOLUTE
    _printf_c                                0x00000000   Number         0  stubs.o ABSOLUTE
    _printf_charcount                        0x00000000   Number         0  stubs.o ABSOLUTE
    _printf_d                                0x00000000   Number         0  stubs.o ABSOLUTE
    _printf_e                                0x00000000   Number         0  stubs.o ABSOLUTE
    _printf_f                                0x00000000   Number         0  stubs.o ABSOLUTE
    _printf_flags                            0x00000000   Number         0  stubs.o ABSOLUTE
    _printf_fp_dec                           0x00000000   Number         0  stubs.o ABSOLUTE
    _printf_fp_hex                           0x00000000   Number         0  stubs.o ABSOLUTE
    _printf_g                                0x00000000   Number         0  stubs.o ABSOLUTE
    _printf_i                                0x00000000   Number         0  stubs.o ABSOLUTE
    _printf_int_dec                          0x00000000   Number         0  stubs.o ABSOLUTE
    _printf_l                                0x00000000   Number         0  stubs.o ABSOLUTE
    _printf_lc                               0x00000000   Number         0  stubs.o ABSOLUTE
    _printf_ll                               0x00000000   Number         0  stubs.o ABSOLUTE
    _printf_lld                              0x00000000   Number         0  stubs.o ABSOLUTE
    _printf_lli                              0x00000000   Number         0  stubs.o ABSOLUTE
    _printf_llo                              0x00000000   Number         0  stubs.o ABSOLUTE
    _printf_llu                              0x00000000   Number         0  stubs.o ABSOLUTE
    _printf_llx                              0x00000000   Number         0  stubs.o ABSOLUTE
    _printf_longlong_dec                     0x00000000   Number         0  stubs.o ABSOLUTE
    _printf_longlong_hex                     0x00000000   Number         0  stubs.o ABSOLUTE
    _printf_longlong_oct                     0x00000000   Number         0  stubs.o ABSOLUTE
    _printf_ls                               0x00000000   Number         0  stubs.o ABSOLUTE
    _printf_mbtowc                           0x00000000   Number         0  stubs.o ABSOLUTE
    _printf_n                                0x00000000   Number         0  stubs.o ABSOLUTE
    _printf_o                                0x00000000   Number         0  stubs.o ABSOLUTE
    _printf_p                                0x00000000   Number         0  stubs.o ABSOLUTE
    _printf_percent                          0x00000000   Number         0  stubs.o ABSOLUTE
    _printf_pre_padding                      0x00000000   Number         0  stubs.o ABSOLUTE
    _printf_return_value                     0x00000000   Number         0  stubs.o ABSOLUTE
    _printf_s                                0x00000000   Number         0  stubs.o ABSOLUTE
    _printf_sizespec                         0x00000000   Number         0  stubs.o ABSOLUTE
    _printf_str                              0x00000000   Number         0  stubs.o ABSOLUTE
    _printf_truncate_signed                  0x00000000   Number         0  stubs.o ABSOLUTE
    _printf_truncate_unsigned                0x00000000   Number         0  stubs.o ABSOLUTE
    _printf_u                                0x00000000   Number         0  stubs.o ABSOLUTE
    _printf_wc                               0x00000000   Number         0  stubs.o ABSOLUTE
    _printf_wctomb                           0x00000000   Number         0  stubs.o ABSOLUTE
    _printf_widthprec                        0x00000000   Number         0  stubs.o ABSOLUTE
    _printf_x                                0x00000000   Number         0  stubs.o ABSOLUTE
    __cpp_initialize__aeabi_                  - Undefined Weak Reference
    __cxa_finalize                            - Undefined Weak Reference
    _clock_init                               - Undefined Weak Reference
    _microlib_exit                            - Undefined Weak Reference
    __Vectors_Size                           0x000000ec   Number         0  startup_stm32f10x_md.o ABSOLUTE
    __Vectors                                0x08000000   Data           4  startup_stm32f10x_md.o(RESET)
    __Vectors_End                            0x080000ec   Data           0  startup_stm32f10x_md.o(RESET)
    __main                                   0x080000ed   Thumb Code     0  entry.o(.ARM.Collect$$$$00000000)
    _main_stk                                0x080000ed   Thumb Code     0  entry2.o(.ARM.Collect$$$$00000001)
    _main_scatterload                        0x080000f1   Thumb Code     0  entry5.o(.ARM.Collect$$$$00000004)
    __main_after_scatterload                 0x080000f5   Thumb Code     0  entry5.o(.ARM.Collect$$$$00000004)
    _main_clock                              0x080000f5   Thumb Code     0  entry7b.o(.ARM.Collect$$$$00000008)
    _main_cpp_init                           0x080000f5   Thumb Code     0  entry8b.o(.ARM.Collect$$$$0000000A)
    _main_init                               0x080000f5   Thumb Code     0  entry9a.o(.ARM.Collect$$$$0000000B)
    __rt_final_cpp                           0x080000fd   Thumb Code     0  entry10a.o(.ARM.Collect$$$$0000000D)
    __rt_final_exit                          0x080000fd   Thumb Code     0  entry11a.o(.ARM.Collect$$$$0000000F)
    Task_Init                                0x08000101   Thumb Code    74  main.o(.text)
    main                                     0x0800014b   Thumb Code    26  main.o(.text)
    NMI_Handler                              0x0800018d   Thumb Code     2  stm32f10x_it.o(.text)
    HardFault_Handler                        0x0800018f   Thumb Code     4  stm32f10x_it.o(.text)
    MemManage_Handler                        0x08000193   Thumb Code     4  stm32f10x_it.o(.text)
    BusFault_Handler                         0x08000197   Thumb Code     4  stm32f10x_it.o(.text)
    UsageFault_Handler                       0x0800019b   Thumb Code     4  stm32f10x_it.o(.text)
    SVC_Handler                              0x0800019f   Thumb Code     2  stm32f10x_it.o(.text)
    DebugMon_Handler                         0x080001a1   Thumb Code     2  stm32f10x_it.o(.text)
    PendSV_Handler                           0x080001a3   Thumb Code     2  stm32f10x_it.o(.text)
    EXTI9_5_IRQHandler                       0x080001a5   Thumb Code     2  stm32f10x_it.o(.text)
    EXTI1_IRQHandler                         0x080001a7   Thumb Code     2  stm32f10x_it.o(.text)
    EXTI2_IRQHandler                         0x080001a9   Thumb Code     2  stm32f10x_it.o(.text)
    EXTI3_IRQHandler                         0x080001ab   Thumb Code     2  stm32f10x_it.o(.text)
    TIM3_IRQHandler                          0x080001ad   Thumb Code     2  stm32f10x_it.o(.text)
    Task_Gather                              0x080001b1   Thumb Code    36  app_gather.o(.text)
    Show_UI                                  0x080001e5   Thumb Code   398  app_show.o(.text)
    Task_Show                                0x08000373   Thumb Code    16  app_show.o(.text)
    Save_GPS                                 0x08000391   Thumb Code   132  para.o(.text)
    Set_Title                                0x08000415   Thumb Code    46  para.o(.text)
    Para_Init                                0x08000443   Thumb Code    48  para.o(.text)
    Para_Updata                              0x08000473   Thumb Code    46  para.o(.text)
    Para_Save                                0x080004a1   Thumb Code    92  para.o(.text)
    Para_Read                                0x080004fd   Thumb Code     4  para.o(.text)
    Send_Gps_MCU1                            0x080005a1   Thumb Code   154  communicate.o(.text)
    UpData                                   0x0800063b   Thumb Code     8  communicate.o(.text)
    LED_Init                                 0x08000655   Thumb Code    40  led.o(.text)
    LED_On                                   0x0800067d   Thumb Code    14  led.o(.text)
    LED_Off                                  0x0800068b   Thumb Code    14  led.o(.text)
    LED_Reverse                              0x08000699   Thumb Code    14  led.o(.text)
    RTK_Find_Head                            0x080006a9   Thumb Code    52  rtk.o(.text)
    RTK_Read_Frame                           0x080006dd   Thumb Code    76  rtk.o(.text)
    RTK_Str2Float                            0x08000729   Thumb Code   254  rtk.o(.text)
    RTK_Pos2Bool                             0x08000827   Thumb Code    18  rtk.o(.text)
    RTK_Extract_RmcData                      0x08000839   Thumb Code   304  rtk.o(.text)
    RTK_Extract_GgaData                      0x08000969   Thumb Code   234  rtk.o(.text)
    RTK_Extract_H3A_Data                     0x08000a53   Thumb Code   246  rtk.o(.text)
    RTK_Extract_Bestxyz_Data                 0x08000b49   Thumb Code   374  rtk.o(.text)
    RTK_Read_GPRMC                           0x08000cbf   Thumb Code    90  rtk.o(.text)
    RTK_Read_GPGGA                           0x08000d19   Thumb Code    50  rtk.o(.text)
    RTK_Read_H3A                             0x08000d4b   Thumb Code    48  rtk.o(.text)
    RTK_Read_Bestxyz                         0x08000d7b   Thumb Code    72  rtk.o(.text)
    To_180_degrees                           0x08000dc3   Thumb Code    48  rtk.o(.text)
    RTK_Unit_Convert                         0x08000df3   Thumb Code   496  rtk.o(.text)
    RTK_Init                                 0x08000fe3   Thumb Code     2  rtk.o(.text)
    RTK_Read                                 0x08000fe5   Thumb Code    20  rtk.o(.text)
    TFT_GPIO_Init                            0x08001001   Thumb Code   206  tft1_44.o(.text)
    TFT_SPI_Init                             0x080010cf   Thumb Code    86  tft1_44.o(.text)
    TFT_PWM_Init                             0x08001125   Thumb Code   118  tft1_44.o(.text)
    SPI_WriteByte                            0x0800119b   Thumb Code    26  tft1_44.o(.text)
    TFT_Write_Command                        0x080011b5   Thumb Code    22  tft1_44.o(.text)
    TFT_Write_Data                           0x080011cb   Thumb Code    22  tft1_44.o(.text)
    TFT_Light                                0x080011e1   Thumb Code    30  tft1_44.o(.text)
    TFT_Single_Colour                        0x080011ff   Thumb Code    48  tft1_44.o(.text)
    TFT_Init                                 0x0800122f   Thumb Code   174  tft1_44.o(.text)
    Address_Set_Word                         0x080012dd   Thumb Code   148  tft1_44.o(.text)
    Address_Set_Pixel                        0x08001371   Thumb Code    90  tft1_44.o(.text)
    TFT_ShowChar                             0x080013cb   Thumb Code   144  tft1_44.o(.text)
    TFT_ShowString                           0x0800145b   Thumb Code    62  tft1_44.o(.text)
    TFT_ShowNumber                           0x08001499   Thumb Code    46  tft1_44.o(.text)
    TFT_ShowFloat                            0x080014c7   Thumb Code    56  tft1_44.o(.text)
    Fill_Rectangle                           0x080014ff   Thumb Code   398  tft1_44.o(.text)
    TFT_Clear_Pixel                          0x0800168d   Thumb Code    76  tft1_44.o(.text)
    TFT_Show_Hex                             0x080016d9   Thumb Code    38  tft1_44.o(.text)
    SPI_SD_Init                              0x08001719   Thumb Code   148  sdcard.o(.text)
    SPI_ReadWriteByte                        0x080017ad   Thumb Code    50  sdcard.o(.text)
    SPI_SetSpeed                             0x080017df   Thumb Code    38  sdcard.o(.text)
    SD_WaitReady                             0x08001805   Thumb Code    40  sdcard.o(.text)
    SD_SendCommand                           0x0800182d   Thumb Code   118  sdcard.o(.text)
    SD_SendCommand_NoDeassert                0x080018a3   Thumb Code   102  sdcard.o(.text)
    SD_Init                                  0x08001909   Thumb Code   476  sdcard.o(.text)
    SD_ReceiveData                           0x08001ae5   Thumb Code   140  sdcard.o(.text)
    SD_GetCID                                0x08001b71   Thumb Code    36  sdcard.o(.text)
    SD_GetCSD                                0x08001b95   Thumb Code    36  sdcard.o(.text)
    SD_GetCapacity                           0x08001bb9   Thumb Code   168  sdcard.o(.text)
    SD_ReadSingleBlock                       0x08001c61   Thumb Code    48  sdcard.o(.text)
    SD_WriteSingleBlock                      0x08001c91   Thumb Code   208  sdcard.o(.text)
    SD_ReadMultiBlock                        0x08001d61   Thumb Code   100  sdcard.o(.text)
    SD_WriteMultiBlock                       0x08001dc5   Thumb Code   224  sdcard.o(.text)
    Inqueue                                  0x08001ead   Thumb Code    44  queue.o(.text)
    Enqueue                                  0x08001ed9   Thumb Code    56  queue.o(.text)
    Dequeue                                  0x08001f11   Thumb Code    58  queue.o(.text)
    BSP_Init                                 0x08001f4d   Thumb Code    92  bsp.o(.text)
    Adc_Init                                 0x08001fc1   Thumb Code   316  adc.o(.text)
    Get_ADCValue                             0x080020fd   Thumb Code   166  adc.o(.text)
    Time_Init                                0x080021c1   Thumb Code   104  time.o(.text)
    TimeNow_US                               0x08002229   Thumb Code    56  time.o(.text)
    Time_WaitMS                              0x08002261   Thumb Code    24  time.o(.text)
    SysTick_Handler                          0x08002279   Thumb Code    34  time.o(.text)
    USART1_Init                              0x080022b1   Thumb Code   220  usart1.o(.text)
    USART1_Send                              0x0800238d   Thumb Code    84  usart1.o(.text)
    USART1_Recv                              0x080023e1   Thumb Code    90  usart1.o(.text)
    USART1_IRQHandler                        0x0800243b   Thumb Code   192  usart1.o(.text)
    fputc                                    0x080024fb   Thumb Code    32  usart1.o(.text)
    USART2_Init                              0x08002545   Thumb Code   232  usart2.o(.text)
    USART2_GetRight                          0x0800262d   Thumb Code    16  usart2.o(.text)
    USART2_FreeRight                         0x0800263d   Thumb Code    12  usart2.o(.text)
    USART2_Send                              0x08002649   Thumb Code    92  usart2.o(.text)
    USART2_Recv                              0x080026a5   Thumb Code    84  usart2.o(.text)
    USART2_IRQHandler                        0x080026f9   Thumb Code   192  usart2.o(.text)
    USART3_Init                              0x080027e5   Thumb Code   220  usart3.o(.text)
    USART3_Send                              0x080028c1   Thumb Code    84  usart3.o(.text)
    USART3_Recv                              0x08002915   Thumb Code    90  usart3.o(.text)
    USART3_IRQHandler                        0x0800296f   Thumb Code   192  usart3.o(.text)
    NVIC_PriorityGroupConfig                 0x08002a59   Thumb Code    10  misc.o(.text)
    NVIC_Init                                0x08002a63   Thumb Code   100  misc.o(.text)
    NVIC_SetVectorTable                      0x08002ac7   Thumb Code    14  misc.o(.text)
    NVIC_SystemLPConfig                      0x08002ad5   Thumb Code    34  misc.o(.text)
    SysTick_CLKSourceConfig                  0x08002af7   Thumb Code    40  misc.o(.text)
    ADC_DeInit                               0x08002b35   Thumb Code    78  stm32f10x_adc.o(.text)
    ADC_Init                                 0x08002b83   Thumb Code    70  stm32f10x_adc.o(.text)
    ADC_StructInit                           0x08002bc9   Thumb Code    18  stm32f10x_adc.o(.text)
    ADC_Cmd                                  0x08002bdb   Thumb Code    22  stm32f10x_adc.o(.text)
    ADC_DMACmd                               0x08002bf1   Thumb Code    22  stm32f10x_adc.o(.text)
    ADC_ITConfig                             0x08002c07   Thumb Code    24  stm32f10x_adc.o(.text)
    ADC_ResetCalibration                     0x08002c1f   Thumb Code    10  stm32f10x_adc.o(.text)
    ADC_GetResetCalibrationStatus            0x08002c29   Thumb Code    20  stm32f10x_adc.o(.text)
    ADC_StartCalibration                     0x08002c3d   Thumb Code    10  stm32f10x_adc.o(.text)
    ADC_GetCalibrationStatus                 0x08002c47   Thumb Code    20  stm32f10x_adc.o(.text)
    ADC_SoftwareStartConvCmd                 0x08002c5b   Thumb Code    22  stm32f10x_adc.o(.text)
    ADC_GetSoftwareStartConvStatus           0x08002c71   Thumb Code    20  stm32f10x_adc.o(.text)
    ADC_DiscModeChannelCountConfig           0x08002c85   Thumb Code    24  stm32f10x_adc.o(.text)
    ADC_DiscModeCmd                          0x08002c9d   Thumb Code    22  stm32f10x_adc.o(.text)
    ADC_RegularChannelConfig                 0x08002cb3   Thumb Code   184  stm32f10x_adc.o(.text)
    ADC_ExternalTrigConvCmd                  0x08002d6b   Thumb Code    22  stm32f10x_adc.o(.text)
    ADC_GetConversionValue                   0x08002d81   Thumb Code     8  stm32f10x_adc.o(.text)
    ADC_GetDualModeConversionValue           0x08002d89   Thumb Code     8  stm32f10x_adc.o(.text)
    ADC_AutoInjectedConvCmd                  0x08002d91   Thumb Code    22  stm32f10x_adc.o(.text)
    ADC_InjectedDiscModeCmd                  0x08002da7   Thumb Code    22  stm32f10x_adc.o(.text)
    ADC_ExternalTrigInjectedConvConfig       0x08002dbd   Thumb Code    16  stm32f10x_adc.o(.text)
    ADC_ExternalTrigInjectedConvCmd          0x08002dcd   Thumb Code    22  stm32f10x_adc.o(.text)
    ADC_SoftwareStartInjectedConvCmd         0x08002de3   Thumb Code    22  stm32f10x_adc.o(.text)
    ADC_GetSoftwareStartInjectedConvCmdStatus 0x08002df9   Thumb Code    20  stm32f10x_adc.o(.text)
    ADC_InjectedChannelConfig                0x08002e0d   Thumb Code   130  stm32f10x_adc.o(.text)
    ADC_InjectedSequencerLengthConfig        0x08002e8f   Thumb Code    24  stm32f10x_adc.o(.text)
    ADC_SetInjectedOffset                    0x08002ea7   Thumb Code    20  stm32f10x_adc.o(.text)
    ADC_GetInjectedConversionValue           0x08002ebb   Thumb Code    28  stm32f10x_adc.o(.text)
    ADC_AnalogWatchdogCmd                    0x08002ed7   Thumb Code    16  stm32f10x_adc.o(.text)
    ADC_AnalogWatchdogThresholdsConfig       0x08002ee7   Thumb Code     6  stm32f10x_adc.o(.text)
    ADC_AnalogWatchdogSingleChannelConfig    0x08002eed   Thumb Code    16  stm32f10x_adc.o(.text)
    ADC_TempSensorVrefintCmd                 0x08002efd   Thumb Code    64  stm32f10x_adc.o(.text)
    ADC_GetFlagStatus                        0x08002f3d   Thumb Code    18  stm32f10x_adc.o(.text)
    ADC_ClearFlag                            0x08002f4f   Thumb Code     6  stm32f10x_adc.o(.text)
    ADC_GetITStatus                          0x08002f55   Thumb Code    36  stm32f10x_adc.o(.text)
    ADC_ClearITPendingBit                    0x08002f79   Thumb Code    10  stm32f10x_adc.o(.text)
    DMA_DeInit                               0x08002f85   Thumb Code   324  stm32f10x_dma.o(.text)
    DMA_Init                                 0x080030c9   Thumb Code    60  stm32f10x_dma.o(.text)
    DMA_StructInit                           0x08003105   Thumb Code    26  stm32f10x_dma.o(.text)
    DMA_Cmd                                  0x0800311f   Thumb Code    24  stm32f10x_dma.o(.text)
    DMA_ITConfig                             0x08003137   Thumb Code    18  stm32f10x_dma.o(.text)
    DMA_SetCurrDataCounter                   0x08003149   Thumb Code     4  stm32f10x_dma.o(.text)
    DMA_GetCurrDataCounter                   0x0800314d   Thumb Code     8  stm32f10x_dma.o(.text)
    DMA_GetFlagStatus                        0x08003155   Thumb Code    40  stm32f10x_dma.o(.text)
    DMA_ClearFlag                            0x0800317d   Thumb Code    22  stm32f10x_dma.o(.text)
    DMA_GetITStatus                          0x08003193   Thumb Code    40  stm32f10x_dma.o(.text)
    DMA_ClearITPendingBit                    0x080031bb   Thumb Code    22  stm32f10x_dma.o(.text)
    GPIO_DeInit                              0x080031d9   Thumb Code   172  stm32f10x_gpio.o(.text)
    GPIO_AFIODeInit                          0x08003285   Thumb Code    20  stm32f10x_gpio.o(.text)
    GPIO_Init                                0x08003299   Thumb Code   278  stm32f10x_gpio.o(.text)
    GPIO_StructInit                          0x080033af   Thumb Code    16  stm32f10x_gpio.o(.text)
    GPIO_ReadInputDataBit                    0x080033bf   Thumb Code    18  stm32f10x_gpio.o(.text)
    GPIO_ReadInputData                       0x080033d1   Thumb Code     8  stm32f10x_gpio.o(.text)
    GPIO_ReadOutputDataBit                   0x080033d9   Thumb Code    18  stm32f10x_gpio.o(.text)
    GPIO_ReadOutputData                      0x080033eb   Thumb Code     8  stm32f10x_gpio.o(.text)
    GPIO_SetBits                             0x080033f3   Thumb Code     4  stm32f10x_gpio.o(.text)
    GPIO_ResetBits                           0x080033f7   Thumb Code     4  stm32f10x_gpio.o(.text)
    GPIO_WriteBit                            0x080033fb   Thumb Code    10  stm32f10x_gpio.o(.text)
    GPIO_Write                               0x08003405   Thumb Code     4  stm32f10x_gpio.o(.text)
    GPIO_PinLockConfig                       0x08003409   Thumb Code    18  stm32f10x_gpio.o(.text)
    GPIO_EventOutputConfig                   0x0800341b   Thumb Code    26  stm32f10x_gpio.o(.text)
    GPIO_EventOutputCmd                      0x08003435   Thumb Code     6  stm32f10x_gpio.o(.text)
    GPIO_PinRemapConfig                      0x0800343b   Thumb Code   138  stm32f10x_gpio.o(.text)
    GPIO_EXTILineConfig                      0x080034c5   Thumb Code    66  stm32f10x_gpio.o(.text)
    GPIO_ETH_MediaInterfaceConfig            0x08003507   Thumb Code     8  stm32f10x_gpio.o(.text)
    RCC_DeInit                               0x08003535   Thumb Code    64  stm32f10x_rcc.o(.text)
    RCC_HSEConfig                            0x08003575   Thumb Code    70  stm32f10x_rcc.o(.text)
    RCC_GetFlagStatus                        0x080035bb   Thumb Code    56  stm32f10x_rcc.o(.text)
    RCC_WaitForHSEStartUp                    0x080035f3   Thumb Code    56  stm32f10x_rcc.o(.text)
    RCC_AdjustHSICalibrationValue            0x0800362b   Thumb Code    20  stm32f10x_rcc.o(.text)
    RCC_HSICmd                               0x0800363f   Thumb Code     6  stm32f10x_rcc.o(.text)
    RCC_PLLConfig                            0x08003645   Thumb Code    24  stm32f10x_rcc.o(.text)
    RCC_PLLCmd                               0x0800365d   Thumb Code     6  stm32f10x_rcc.o(.text)
    RCC_SYSCLKConfig                         0x08003663   Thumb Code    18  stm32f10x_rcc.o(.text)
    RCC_GetSYSCLKSource                      0x08003675   Thumb Code    10  stm32f10x_rcc.o(.text)
    RCC_HCLKConfig                           0x0800367f   Thumb Code    18  stm32f10x_rcc.o(.text)
    RCC_PCLK1Config                          0x08003691   Thumb Code    18  stm32f10x_rcc.o(.text)
    RCC_PCLK2Config                          0x080036a3   Thumb Code    20  stm32f10x_rcc.o(.text)
    RCC_ITConfig                             0x080036b7   Thumb Code    26  stm32f10x_rcc.o(.text)
    RCC_USBCLKConfig                         0x080036d1   Thumb Code     8  stm32f10x_rcc.o(.text)
    RCC_ADCCLKConfig                         0x080036d9   Thumb Code    18  stm32f10x_rcc.o(.text)
    RCC_LSEConfig                            0x080036eb   Thumb Code    50  stm32f10x_rcc.o(.text)
    RCC_LSICmd                               0x0800371d   Thumb Code     6  stm32f10x_rcc.o(.text)
    RCC_RTCCLKConfig                         0x08003723   Thumb Code    12  stm32f10x_rcc.o(.text)
    RCC_RTCCLKCmd                            0x0800372f   Thumb Code     8  stm32f10x_rcc.o(.text)
    RCC_GetClocksFreq                        0x08003737   Thumb Code   192  stm32f10x_rcc.o(.text)
    RCC_AHBPeriphClockCmd                    0x080037f7   Thumb Code    26  stm32f10x_rcc.o(.text)
    RCC_APB2PeriphClockCmd                   0x08003811   Thumb Code    26  stm32f10x_rcc.o(.text)
    RCC_APB1PeriphClockCmd                   0x0800382b   Thumb Code    26  stm32f10x_rcc.o(.text)
    RCC_APB2PeriphResetCmd                   0x08003845   Thumb Code    26  stm32f10x_rcc.o(.text)
    RCC_APB1PeriphResetCmd                   0x0800385f   Thumb Code    26  stm32f10x_rcc.o(.text)
    RCC_BackupResetCmd                       0x08003879   Thumb Code     8  stm32f10x_rcc.o(.text)
    RCC_ClockSecuritySystemCmd               0x08003881   Thumb Code     6  stm32f10x_rcc.o(.text)
    RCC_MCOConfig                            0x08003887   Thumb Code     6  stm32f10x_rcc.o(.text)
    RCC_ClearFlag                            0x0800388d   Thumb Code    14  stm32f10x_rcc.o(.text)
    RCC_GetITStatus                          0x0800389b   Thumb Code    20  stm32f10x_rcc.o(.text)
    RCC_ClearITPendingBit                    0x080038af   Thumb Code     6  stm32f10x_rcc.o(.text)
    SPI_I2S_DeInit                           0x080038dd   Thumb Code    76  stm32f10x_spi.o(.text)
    SPI_Init                                 0x08003929   Thumb Code    60  stm32f10x_spi.o(.text)
    I2S_Init                                 0x08003965   Thumb Code   226  stm32f10x_spi.o(.text)
    SPI_StructInit                           0x08003a47   Thumb Code    24  stm32f10x_spi.o(.text)
    I2S_StructInit                           0x08003a5f   Thumb Code    20  stm32f10x_spi.o(.text)
    SPI_Cmd                                  0x08003a73   Thumb Code    24  stm32f10x_spi.o(.text)
    I2S_Cmd                                  0x08003a8b   Thumb Code    24  stm32f10x_spi.o(.text)
    SPI_I2S_ITConfig                         0x08003aa3   Thumb Code    32  stm32f10x_spi.o(.text)
    SPI_I2S_DMACmd                           0x08003ac3   Thumb Code    18  stm32f10x_spi.o(.text)
    SPI_I2S_SendData                         0x08003ad5   Thumb Code     4  stm32f10x_spi.o(.text)
    SPI_I2S_ReceiveData                      0x08003ad9   Thumb Code     6  stm32f10x_spi.o(.text)
    SPI_NSSInternalSoftwareConfig            0x08003adf   Thumb Code    30  stm32f10x_spi.o(.text)
    SPI_SSOutputCmd                          0x08003afd   Thumb Code    24  stm32f10x_spi.o(.text)
    SPI_DataSizeConfig                       0x08003b15   Thumb Code    18  stm32f10x_spi.o(.text)
    SPI_TransmitCRC                          0x08003b27   Thumb Code    10  stm32f10x_spi.o(.text)
    SPI_CalculateCRC                         0x08003b31   Thumb Code    24  stm32f10x_spi.o(.text)
    SPI_GetCRC                               0x08003b49   Thumb Code    16  stm32f10x_spi.o(.text)
    SPI_GetCRCPolynomial                     0x08003b59   Thumb Code     6  stm32f10x_spi.o(.text)
    SPI_BiDirectionalLineConfig              0x08003b5f   Thumb Code    28  stm32f10x_spi.o(.text)
    SPI_I2S_GetFlagStatus                    0x08003b7b   Thumb Code    18  stm32f10x_spi.o(.text)
    SPI_I2S_ClearFlag                        0x08003b8d   Thumb Code     6  stm32f10x_spi.o(.text)
    SPI_I2S_GetITStatus                      0x08003b93   Thumb Code    52  stm32f10x_spi.o(.text)
    SPI_I2S_ClearITPendingBit                0x08003bc7   Thumb Code    20  stm32f10x_spi.o(.text)
    TIM_DeInit                               0x08003be9   Thumb Code   424  stm32f10x_tim.o(.text)
    TIM_TimeBaseInit                         0x08003d91   Thumb Code   122  stm32f10x_tim.o(.text)
    TIM_OC1Init                              0x08003e0b   Thumb Code   132  stm32f10x_tim.o(.text)
    TIM_OC2Init                              0x08003e8f   Thumb Code   154  stm32f10x_tim.o(.text)
    TIM_OC3Init                              0x08003f29   Thumb Code   150  stm32f10x_tim.o(.text)
    TIM_OC4Init                              0x08003fbf   Thumb Code   182  stm32f10x_tim.o(.text)
    TIM_SetIC4Prescaler                      0x08004075   Thumb Code    26  stm32f10x_tim.o(.text)
    TIM_SetIC3Prescaler                      0x08004111   Thumb Code    18  stm32f10x_tim.o(.text)
    TIM_SetIC2Prescaler                      0x0800419d   Thumb Code    26  stm32f10x_tim.o(.text)
    TIM_SetIC1Prescaler                      0x08004239   Thumb Code    18  stm32f10x_tim.o(.text)
    TIM_ICInit                               0x080042b7   Thumb Code   150  stm32f10x_tim.o(.text)
    TIM_PWMIConfig                           0x0800434d   Thumb Code   124  stm32f10x_tim.o(.text)
    TIM_BDTRConfig                           0x080043c9   Thumb Code    32  stm32f10x_tim.o(.text)
    TIM_TimeBaseStructInit                   0x080043e9   Thumb Code    18  stm32f10x_tim.o(.text)
    TIM_OCStructInit                         0x080043fb   Thumb Code    20  stm32f10x_tim.o(.text)
    TIM_ICStructInit                         0x0800440f   Thumb Code    18  stm32f10x_tim.o(.text)
    TIM_BDTRStructInit                       0x08004421   Thumb Code    40  stm32f10x_tim.o(.text)
    TIM_Cmd                                  0x08004449   Thumb Code    24  stm32f10x_tim.o(.text)
    TIM_CtrlPWMOutputs                       0x08004461   Thumb Code    30  stm32f10x_tim.o(.text)
    TIM_ITConfig                             0x0800447f   Thumb Code    18  stm32f10x_tim.o(.text)
    TIM_GenerateEvent                        0x08004491   Thumb Code     4  stm32f10x_tim.o(.text)
    TIM_DMAConfig                            0x08004495   Thumb Code    10  stm32f10x_tim.o(.text)
    TIM_DMACmd                               0x0800449f   Thumb Code    18  stm32f10x_tim.o(.text)
    TIM_InternalClockConfig                  0x080044b1   Thumb Code    12  stm32f10x_tim.o(.text)
    TIM_SelectInputTrigger                   0x080044bd   Thumb Code    18  stm32f10x_tim.o(.text)
    TIM_ITRxExternalClockConfig              0x080044cf   Thumb Code    24  stm32f10x_tim.o(.text)
    TIM_TIxExternalClockConfig               0x080044e7   Thumb Code    62  stm32f10x_tim.o(.text)
    TIM_ETRConfig                            0x08004525   Thumb Code    28  stm32f10x_tim.o(.text)
    TIM_ETRClockMode1Config                  0x08004541   Thumb Code    54  stm32f10x_tim.o(.text)
    TIM_ETRClockMode2Config                  0x08004577   Thumb Code    32  stm32f10x_tim.o(.text)
    TIM_PrescalerConfig                      0x08004597   Thumb Code     6  stm32f10x_tim.o(.text)
    TIM_CounterModeConfig                    0x0800459d   Thumb Code    18  stm32f10x_tim.o(.text)
    TIM_EncoderInterfaceConfig               0x080045af   Thumb Code    66  stm32f10x_tim.o(.text)
    TIM_ForcedOC1Config                      0x080045f1   Thumb Code    18  stm32f10x_tim.o(.text)
    TIM_ForcedOC2Config                      0x08004603   Thumb Code    26  stm32f10x_tim.o(.text)
    TIM_ForcedOC3Config                      0x0800461d   Thumb Code    18  stm32f10x_tim.o(.text)
    TIM_ForcedOC4Config                      0x0800462f   Thumb Code    26  stm32f10x_tim.o(.text)
    TIM_ARRPreloadConfig                     0x08004649   Thumb Code    24  stm32f10x_tim.o(.text)
    TIM_SelectCOM                            0x08004661   Thumb Code    24  stm32f10x_tim.o(.text)
    TIM_SelectCCDMA                          0x08004679   Thumb Code    24  stm32f10x_tim.o(.text)
    TIM_CCPreloadControl                     0x08004691   Thumb Code    24  stm32f10x_tim.o(.text)
    TIM_OC1PreloadConfig                     0x080046a9   Thumb Code    18  stm32f10x_tim.o(.text)
    TIM_OC2PreloadConfig                     0x080046bb   Thumb Code    26  stm32f10x_tim.o(.text)
    TIM_OC3PreloadConfig                     0x080046d5   Thumb Code    18  stm32f10x_tim.o(.text)
    TIM_OC4PreloadConfig                     0x080046e7   Thumb Code    26  stm32f10x_tim.o(.text)
    TIM_OC1FastConfig                        0x08004701   Thumb Code    18  stm32f10x_tim.o(.text)
    TIM_OC2FastConfig                        0x08004713   Thumb Code    26  stm32f10x_tim.o(.text)
    TIM_OC3FastConfig                        0x0800472d   Thumb Code    18  stm32f10x_tim.o(.text)
    TIM_OC4FastConfig                        0x0800473f   Thumb Code    26  stm32f10x_tim.o(.text)
    TIM_ClearOC1Ref                          0x08004759   Thumb Code    18  stm32f10x_tim.o(.text)
    TIM_ClearOC2Ref                          0x0800476b   Thumb Code    24  stm32f10x_tim.o(.text)
    TIM_ClearOC3Ref                          0x08004783   Thumb Code    18  stm32f10x_tim.o(.text)
    TIM_ClearOC4Ref                          0x08004795   Thumb Code    24  stm32f10x_tim.o(.text)
    TIM_OC1PolarityConfig                    0x080047ad   Thumb Code    18  stm32f10x_tim.o(.text)
    TIM_OC1NPolarityConfig                   0x080047bf   Thumb Code    18  stm32f10x_tim.o(.text)
    TIM_OC2PolarityConfig                    0x080047d1   Thumb Code    26  stm32f10x_tim.o(.text)
    TIM_OC2NPolarityConfig                   0x080047eb   Thumb Code    26  stm32f10x_tim.o(.text)
    TIM_OC3PolarityConfig                    0x08004805   Thumb Code    26  stm32f10x_tim.o(.text)
    TIM_OC3NPolarityConfig                   0x0800481f   Thumb Code    26  stm32f10x_tim.o(.text)
    TIM_OC4PolarityConfig                    0x08004839   Thumb Code    26  stm32f10x_tim.o(.text)
    TIM_CCxCmd                               0x08004853   Thumb Code    30  stm32f10x_tim.o(.text)
    TIM_CCxNCmd                              0x08004871   Thumb Code    30  stm32f10x_tim.o(.text)
    TIM_SelectOCxM                           0x0800488f   Thumb Code    82  stm32f10x_tim.o(.text)
    TIM_UpdateDisableConfig                  0x080048e1   Thumb Code    24  stm32f10x_tim.o(.text)
    TIM_UpdateRequestConfig                  0x080048f9   Thumb Code    24  stm32f10x_tim.o(.text)
    TIM_SelectHallSensor                     0x08004911   Thumb Code    24  stm32f10x_tim.o(.text)
    TIM_SelectOnePulseMode                   0x08004929   Thumb Code    18  stm32f10x_tim.o(.text)
    TIM_SelectOutputTrigger                  0x0800493b   Thumb Code    18  stm32f10x_tim.o(.text)
    TIM_SelectSlaveMode                      0x0800494d   Thumb Code    18  stm32f10x_tim.o(.text)
    TIM_SelectMasterSlaveMode                0x0800495f   Thumb Code    18  stm32f10x_tim.o(.text)
    TIM_SetCounter                           0x08004971   Thumb Code     4  stm32f10x_tim.o(.text)
    TIM_SetAutoreload                        0x08004975   Thumb Code     4  stm32f10x_tim.o(.text)
    TIM_SetCompare1                          0x08004979   Thumb Code     4  stm32f10x_tim.o(.text)
    TIM_SetCompare2                          0x0800497d   Thumb Code     4  stm32f10x_tim.o(.text)
    TIM_SetCompare3                          0x08004981   Thumb Code     4  stm32f10x_tim.o(.text)
    TIM_SetCompare4                          0x08004985   Thumb Code     6  stm32f10x_tim.o(.text)
    TIM_SetClockDivision                     0x0800498b   Thumb Code    18  stm32f10x_tim.o(.text)
    TIM_GetCapture1                          0x0800499d   Thumb Code     6  stm32f10x_tim.o(.text)
    TIM_GetCapture2                          0x080049a3   Thumb Code     6  stm32f10x_tim.o(.text)
    TIM_GetCapture3                          0x080049a9   Thumb Code     6  stm32f10x_tim.o(.text)
    TIM_GetCapture4                          0x080049af   Thumb Code     8  stm32f10x_tim.o(.text)
    TIM_GetCounter                           0x080049b7   Thumb Code     6  stm32f10x_tim.o(.text)
    TIM_GetPrescaler                         0x080049bd   Thumb Code     6  stm32f10x_tim.o(.text)
    TIM_GetFlagStatus                        0x080049c3   Thumb Code    18  stm32f10x_tim.o(.text)
    TIM_ClearFlag                            0x080049d5   Thumb Code     6  stm32f10x_tim.o(.text)
    TIM_GetITStatus                          0x080049db   Thumb Code    34  stm32f10x_tim.o(.text)
    TIM_ClearITPendingBit                    0x080049fd   Thumb Code     6  stm32f10x_tim.o(.text)
    USART_DeInit                             0x08004a05   Thumb Code   134  stm32f10x_usart.o(.text)
    USART_Init                               0x08004a8b   Thumb Code   210  stm32f10x_usart.o(.text)
    USART_StructInit                         0x08004b5d   Thumb Code    24  stm32f10x_usart.o(.text)
    USART_ClockInit                          0x08004b75   Thumb Code    34  stm32f10x_usart.o(.text)
    USART_ClockStructInit                    0x08004b97   Thumb Code    12  stm32f10x_usart.o(.text)
    USART_Cmd                                0x08004ba3   Thumb Code    24  stm32f10x_usart.o(.text)
    USART_ITConfig                           0x08004bbb   Thumb Code    74  stm32f10x_usart.o(.text)
    USART_DMACmd                             0x08004c05   Thumb Code    18  stm32f10x_usart.o(.text)
    USART_SetAddress                         0x08004c17   Thumb Code    18  stm32f10x_usart.o(.text)
    USART_WakeUpConfig                       0x08004c29   Thumb Code    18  stm32f10x_usart.o(.text)
    USART_ReceiverWakeUpCmd                  0x08004c3b   Thumb Code    24  stm32f10x_usart.o(.text)
    USART_LINBreakDetectLengthConfig         0x08004c53   Thumb Code    18  stm32f10x_usart.o(.text)
    USART_LINCmd                             0x08004c65   Thumb Code    24  stm32f10x_usart.o(.text)
    USART_SendData                           0x08004c7d   Thumb Code     8  stm32f10x_usart.o(.text)
    USART_ReceiveData                        0x08004c85   Thumb Code    10  stm32f10x_usart.o(.text)
    USART_SendBreak                          0x08004c8f   Thumb Code    10  stm32f10x_usart.o(.text)
    USART_SetGuardTime                       0x08004c99   Thumb Code    16  stm32f10x_usart.o(.text)
    USART_SetPrescaler                       0x08004ca9   Thumb Code    16  stm32f10x_usart.o(.text)
    USART_SmartCardCmd                       0x08004cb9   Thumb Code    24  stm32f10x_usart.o(.text)
    USART_SmartCardNACKCmd                   0x08004cd1   Thumb Code    24  stm32f10x_usart.o(.text)
    USART_HalfDuplexCmd                      0x08004ce9   Thumb Code    24  stm32f10x_usart.o(.text)
    USART_OverSampling8Cmd                   0x08004d01   Thumb Code    22  stm32f10x_usart.o(.text)
    USART_OneBitMethodCmd                    0x08004d17   Thumb Code    24  stm32f10x_usart.o(.text)
    USART_IrDAConfig                         0x08004d2f   Thumb Code    18  stm32f10x_usart.o(.text)
    USART_IrDACmd                            0x08004d41   Thumb Code    24  stm32f10x_usart.o(.text)
    USART_GetFlagStatus                      0x08004d59   Thumb Code    26  stm32f10x_usart.o(.text)
    USART_ClearFlag                          0x08004d73   Thumb Code    18  stm32f10x_usart.o(.text)
    USART_GetITStatus                        0x08004d85   Thumb Code    84  stm32f10x_usart.o(.text)
    USART_ClearITPendingBit                  0x08004dd9   Thumb Code    52  stm32f10x_usart.o(.text)
    SystemInit                               0x08004eeb   Thumb Code    78  system_stm32f10x.o(.text)
    SystemCoreClockUpdate                    0x08004f39   Thumb Code   142  system_stm32f10x.o(.text)
    Reset_Handler                            0x08004ff1   Thumb Code     8  startup_stm32f10x_md.o(.text)
    ADC1_2_IRQHandler                        0x0800500b   Thumb Code     0  startup_stm32f10x_md.o(.text)
    CAN1_RX1_IRQHandler                      0x0800500b   Thumb Code     0  startup_stm32f10x_md.o(.text)
    CAN1_SCE_IRQHandler                      0x0800500b   Thumb Code     0  startup_stm32f10x_md.o(.text)
    DMA1_Channel1_IRQHandler                 0x0800500b   Thumb Code     0  startup_stm32f10x_md.o(.text)
    DMA1_Channel2_IRQHandler                 0x0800500b   Thumb Code     0  startup_stm32f10x_md.o(.text)
    DMA1_Channel3_IRQHandler                 0x0800500b   Thumb Code     0  startup_stm32f10x_md.o(.text)
    DMA1_Channel4_IRQHandler                 0x0800500b   Thumb Code     0  startup_stm32f10x_md.o(.text)
    DMA1_Channel5_IRQHandler                 0x0800500b   Thumb Code     0  startup_stm32f10x_md.o(.text)
    DMA1_Channel6_IRQHandler                 0x0800500b   Thumb Code     0  startup_stm32f10x_md.o(.text)
    DMA1_Channel7_IRQHandler                 0x0800500b   Thumb Code     0  startup_stm32f10x_md.o(.text)
    EXTI0_IRQHandler                         0x0800500b   Thumb Code     0  startup_stm32f10x_md.o(.text)
    EXTI15_10_IRQHandler                     0x0800500b   Thumb Code     0  startup_stm32f10x_md.o(.text)
    EXTI4_IRQHandler                         0x0800500b   Thumb Code     0  startup_stm32f10x_md.o(.text)
    FLASH_IRQHandler                         0x0800500b   Thumb Code     0  startup_stm32f10x_md.o(.text)
    I2C1_ER_IRQHandler                       0x0800500b   Thumb Code     0  startup_stm32f10x_md.o(.text)
    I2C1_EV_IRQHandler                       0x0800500b   Thumb Code     0  startup_stm32f10x_md.o(.text)
    I2C2_ER_IRQHandler                       0x0800500b   Thumb Code     0  startup_stm32f10x_md.o(.text)
    I2C2_EV_IRQHandler                       0x0800500b   Thumb Code     0  startup_stm32f10x_md.o(.text)
    PVD_IRQHandler                           0x0800500b   Thumb Code     0  startup_stm32f10x_md.o(.text)
    RCC_IRQHandler                           0x0800500b   Thumb Code     0  startup_stm32f10x_md.o(.text)
    RTCAlarm_IRQHandler                      0x0800500b   Thumb Code     0  startup_stm32f10x_md.o(.text)
    RTC_IRQHandler                           0x0800500b   Thumb Code     0  startup_stm32f10x_md.o(.text)
    SPI1_IRQHandler                          0x0800500b   Thumb Code     0  startup_stm32f10x_md.o(.text)
    SPI2_IRQHandler                          0x0800500b   Thumb Code     0  startup_stm32f10x_md.o(.text)
    TAMPER_IRQHandler                        0x0800500b   Thumb Code     0  startup_stm32f10x_md.o(.text)
    TIM1_BRK_IRQHandler                      0x0800500b   Thumb Code     0  startup_stm32f10x_md.o(.text)
    TIM1_CC_IRQHandler                       0x0800500b   Thumb Code     0  startup_stm32f10x_md.o(.text)
    TIM1_TRG_COM_IRQHandler                  0x0800500b   Thumb Code     0  startup_stm32f10x_md.o(.text)
    TIM1_UP_IRQHandler                       0x0800500b   Thumb Code     0  startup_stm32f10x_md.o(.text)
    TIM2_IRQHandler                          0x0800500b   Thumb Code     0  startup_stm32f10x_md.o(.text)
    TIM4_IRQHandler                          0x0800500b   Thumb Code     0  startup_stm32f10x_md.o(.text)
    USBWakeUp_IRQHandler                     0x0800500b   Thumb Code     0  startup_stm32f10x_md.o(.text)
    USB_HP_CAN1_TX_IRQHandler                0x0800500b   Thumb Code     0  startup_stm32f10x_md.o(.text)
    USB_LP_CAN1_RX0_IRQHandler               0x0800500b   Thumb Code     0  startup_stm32f10x_md.o(.text)
    WWDG_IRQHandler                          0x0800500b   Thumb Code     0  startup_stm32f10x_md.o(.text)
    OSTaskReturnHook                         0x08005015   Thumb Code     2  os_cpu_c.o(.text)
    OSInitHookBegin                          0x08005017   Thumb Code     2  os_cpu_c.o(.text)
    OSInitHookEnd                            0x08005019   Thumb Code     2  os_cpu_c.o(.text)
    OSTaskCreateHook                         0x0800501b   Thumb Code     2  os_cpu_c.o(.text)
    OSTaskDelHook                            0x0800501d   Thumb Code     2  os_cpu_c.o(.text)
    OSTaskIdleHook                           0x0800501f   Thumb Code     2  os_cpu_c.o(.text)
    OSTaskStatHook                           0x08005021   Thumb Code     2  os_cpu_c.o(.text)
    OSTaskStkInit                            0x08005023   Thumb Code   154  os_cpu_c.o(.text)
    OSTaskSwHook                             0x080050bd   Thumb Code     2  os_cpu_c.o(.text)
    OSTCBInitHook                            0x080050bf   Thumb Code     2  os_cpu_c.o(.text)
    OSTimeTickHook                           0x080050c1   Thumb Code     2  os_cpu_c.o(.text)
    OS_TaskStatStkChk                        0x080050c5   Thumb Code    54  os_core.o(.text)
    OS_TaskStat                              0x080050fb   Thumb Code   116  os_core.o(.text)
    OS_TaskIdle                              0x080051a3   Thumb Code    34  os_core.o(.text)
    OS_MemClr                                0x080051f9   Thumb Code    18  os_core.o(.text)
    OSInit                                   0x0800530b   Thumb Code    36  os_core.o(.text)
    OSIntEnter                               0x0800532f   Thumb Code    28  os_core.o(.text)
    OSIntExit                                0x08005365   Thumb Code   112  os_core.o(.text)
    OSSchedLock                              0x080053d5   Thumb Code    50  os_core.o(.text)
    OS_Sched                                 0x08005407   Thumb Code    88  os_core.o(.text)
    OSSchedUnlock                            0x0800545f   Thumb Code   230  os_core.o(.text)
    OSStart                                  0x08005545   Thumb Code    48  os_core.o(.text)
    OSStatInit                               0x08005575   Thumb Code    62  os_core.o(.text)
    OSTimeTick                               0x080055b3   Thumb Code   210  os_core.o(.text)
    OSVersion                                0x08005685   Thumb Code     6  os_core.o(.text)
    OS_Dummy                                 0x0800568b   Thumb Code     2  os_core.o(.text)
    OS_EventTaskRemove                       0x0800568d   Thumb Code    42  os_core.o(.text)
    OS_EventTaskRdy                          0x080056b7   Thumb Code   114  os_core.o(.text)
    OS_EventTaskWait                         0x08005729   Thumb Code   112  os_core.o(.text)
    OS_EventWaitListInit                     0x08005799   Thumb Code    28  os_core.o(.text)
    OS_MemCopy                               0x080057b5   Thumb Code    20  os_core.o(.text)
    OS_StrLen                                0x080057c9   Thumb Code    20  os_core.o(.text)
    OS_TCBInit                               0x080057dd   Thumb Code   272  os_core.o(.text)
    OSMutexAccept                            0x08005931   Thumb Code   136  os_mutex.o(.text)
    OSMutexCreate                            0x080059b9   Thumb Code   134  os_mutex.o(.text)
    OSMutexDel                               0x08005ab1   Thumb Code   266  os_mutex.o(.text)
    OSMutexPend                              0x08005bbb   Thumb Code   580  os_mutex.o(.text)
    OSMutexPost                              0x08005dff   Thumb Code   186  os_mutex.o(.text)
    OSMutexQuery                             0x08005eb9   Thumb Code   106  os_mutex.o(.text)
    OSSemAccept                              0x08005f31   Thumb Code    42  os_sem.o(.text)
    OSSemCreate                              0x08005f5b   Thumb Code    68  os_sem.o(.text)
    OSSemDel                                 0x08005f9f   Thumb Code   200  os_sem.o(.text)
    OSSemPend                                0x08006067   Thumb Code   222  os_sem.o(.text)
    OSSemPendAbort                           0x08006145   Thumb Code   128  os_sem.o(.text)
    OSSemPost                                0x080061c5   Thumb Code    88  os_sem.o(.text)
    OSSemQuery                               0x0800621d   Thumb Code    76  os_sem.o(.text)
    OSSemSet                                 0x08006269   Thumb Code    66  os_sem.o(.text)
    OSTaskChangePrio                         0x080062bd   Thumb Code   308  os_task.o(.text)
    OSTaskCreate                             0x080063f1   Thumb Code   148  os_task.o(.text)
    OS_TaskStkClr                            0x08006485   Thumb Code    26  os_task.o(.text)
    OSTaskCreateExt                          0x0800649f   Thumb Code   170  os_task.o(.text)
    OSTaskDel                                0x08006549   Thumb Code   280  os_task.o(.text)
    OSTaskDelReq                             0x08006661   Thumb Code   144  os_task.o(.text)
    OSTaskNameGet                            0x080066f1   Thumb Code   114  os_task.o(.text)
    OSTaskNameSet                            0x08006763   Thumb Code    98  os_task.o(.text)
    OSTaskResume                             0x080067c5   Thumb Code   154  os_task.o(.text)
    OSTaskStkChk                             0x0800685f   Thumb Code   132  os_task.o(.text)
    OSTaskSuspend                            0x080068e3   Thumb Code   152  os_task.o(.text)
    OSTaskQuery                              0x0800697b   Thumb Code    82  os_task.o(.text)
    OSTaskRegGet                             0x080069cd   Thumb Code    60  os_task.o(.text)
    OSTaskRegSet                             0x08006a09   Thumb Code    62  os_task.o(.text)
    OS_TaskReturn                            0x08006a47   Thumb Code    18  os_task.o(.text)
    OSTimeDly                                0x08006a71   Thumb Code   100  os_time.o(.text)
    OSTimeDlyHMSM                            0x08006ad5   Thumb Code    86  os_time.o(.text)
    OSTimeDlyResume                          0x08006b2b   Thumb Code   168  os_time.o(.text)
    OSTimeGet                                0x08006bd3   Thumb Code    24  os_time.o(.text)
    OSTimeSet                                0x08006beb   Thumb Code    24  os_time.o(.text)
    disk_status                              0x08006c21   Thumb Code    12  diskio.o(.text)
    disk_initialize                          0x08006c2d   Thumb Code    32  diskio.o(.text)
    disk_read                                0x08006c4d   Thumb Code    46  diskio.o(.text)
    disk_write                               0x08006c7b   Thumb Code    46  diskio.o(.text)
    disk_ioctl                               0x08006ca9   Thumb Code    94  diskio.o(.text)
    get_fattime                              0x08006d0d   Thumb Code     4  ff.o(.text)
    clust2sect                               0x08006ec7   Thumb Code    26  ff.o(.text)
    get_fat                                  0x08006ee1   Thumb Code   242  ff.o(.text)
    put_fat                                  0x08006fd3   Thumb Code   322  ff.o(.text)
    f_mount                                  0x08007cbf   Thumb Code    86  ff.o(.text)
    f_open                                   0x08007d15   Thumb Code   374  ff.o(.text)
    f_read                                   0x08007e8b   Thumb Code   434  ff.o(.text)
    f_write                                  0x0800803d   Thumb Code   472  ff.o(.text)
    f_sync                                   0x08008215   Thumb Code   176  ff.o(.text)
    f_close                                  0x080082c5   Thumb Code    32  ff.o(.text)
    f_lseek                                  0x080082e5   Thumb Code   382  ff.o(.text)
    f_opendir                                0x08008463   Thumb Code   110  ff.o(.text)
    f_closedir                               0x080084d1   Thumb Code    22  ff.o(.text)
    f_readdir                                0x080084e7   Thumb Code    88  ff.o(.text)
    f_stat                                   0x0800853f   Thumb Code    60  ff.o(.text)
    f_getfree                                0x0800857b   Thumb Code   258  ff.o(.text)
    f_truncate                               0x0800867d   Thumb Code   184  ff.o(.text)
    f_unlink                                 0x08008735   Thumb Code   166  ff.o(.text)
    f_mkdir                                  0x080087db   Thumb Code   352  ff.o(.text)
    f_chmod                                  0x0800893b   Thumb Code    84  ff.o(.text)
    f_rename                                 0x0800898f   Thumb Code   258  ff.o(.text)
    f_utime                                  0x08008a91   Thumb Code    86  ff.o(.text)
    __aeabi_memcpy                           0x08008ae7   Thumb Code    36  memcpya.o(.text)
    __aeabi_memcpy4                          0x08008ae7   Thumb Code     0  memcpya.o(.text)
    __aeabi_memcpy8                          0x08008ae7   Thumb Code     0  memcpya.o(.text)
    strlen                                   0x08008b0b   Thumb Code    14  strlen.o(.text)
    __aeabi_fadd                             0x08008b19   Thumb Code   164  fadd.o(.text)
    __aeabi_fsub                             0x08008bbd   Thumb Code     6  fadd.o(.text)
    __aeabi_frsub                            0x08008bc3   Thumb Code     6  fadd.o(.text)
    __aeabi_fmul                             0x08008bc9   Thumb Code   100  fmul.o(.text)
    __aeabi_fdiv                             0x08008c2d   Thumb Code   124  fdiv.o(.text)
    __aeabi_dadd                             0x08008ca9   Thumb Code   322  dadd.o(.text)
    __aeabi_dsub                             0x08008deb   Thumb Code     6  dadd.o(.text)
    __aeabi_drsub                            0x08008df1   Thumb Code     6  dadd.o(.text)
    __aeabi_dmul                             0x08008df7   Thumb Code   228  dmul.o(.text)
    __aeabi_ddiv                             0x08008edb   Thumb Code   222  ddiv.o(.text)
    __aeabi_i2f                              0x08008fb9   Thumb Code    18  fflti.o(.text)
    __aeabi_ui2f                             0x08008fcb   Thumb Code    10  ffltui.o(.text)
    __aeabi_i2d                              0x08008fd5   Thumb Code    34  dflti.o(.text)
    __aeabi_f2uiz                            0x08008ff7   Thumb Code    40  ffixui.o(.text)
    __aeabi_d2iz                             0x0800901f   Thumb Code    62  dfixi.o(.text)
    __aeabi_d2uiz                            0x0800905d   Thumb Code    50  dfixui.o(.text)
    __aeabi_f2d                              0x0800908f   Thumb Code    38  f2d.o(.text)
    __aeabi_cdcmpeq                          0x080090b5   Thumb Code     0  cdcmple.o(.text)
    __aeabi_cdcmple                          0x080090b5   Thumb Code    48  cdcmple.o(.text)
    __aeabi_d2f                              0x080090e5   Thumb Code    56  d2f.o(.text)
    __aeabi_cfcmpeq                          0x0800911d   Thumb Code     0  cfcmple.o(.text)
    __aeabi_cfcmple                          0x0800911d   Thumb Code    20  cfcmple.o(.text)
    __aeabi_cfrcmple                         0x08009131   Thumb Code    20  cfrcmple.o(.text)
    __aeabi_uidiv                            0x08009145   Thumb Code     0  uidiv.o(.text)
    __aeabi_uidivmod                         0x08009145   Thumb Code    44  uidiv.o(.text)
    __aeabi_uldivmod                         0x08009171   Thumb Code    98  uldiv.o(.text)
    __aeabi_llsl                             0x080091d3   Thumb Code    30  llshl.o(.text)
    _ll_shift_l                              0x080091d3   Thumb Code     0  llshl.o(.text)
    __aeabi_llsr                             0x080091f1   Thumb Code    32  llushr.o(.text)
    _ll_ushift_r                             0x080091f1   Thumb Code     0  llushr.o(.text)
    __aeabi_lasr                             0x08009211   Thumb Code    36  llsshr.o(.text)
    _ll_sshift_r                             0x08009211   Thumb Code     0  llsshr.o(.text)
    __I$use$fp                               0x08009235   Thumb Code     0  iusefp.o(.text)
    _float_round                             0x08009235   Thumb Code    18  fepilogue.o(.text)
    _float_epilogue                          0x08009247   Thumb Code    92  fepilogue.o(.text)
    _double_round                            0x080092a3   Thumb Code    30  depilogue.o(.text)
    _double_epilogue                         0x080092c1   Thumb Code   156  depilogue.o(.text)
    __aeabi_d2ulz                            0x0800935d   Thumb Code    48  dfixul.o(.text)
    __aeabi_cdrcmple                         0x0800938d   Thumb Code    48  cdrcmple.o(.text)
    __scatterload                            0x080093bd   Thumb Code    28  init.o(.text)
    __scatterload_rt2                        0x080093bd   Thumb Code     0  init.o(.text)
    __decompress                             0x080093e1   Thumb Code     0  __dczerorl2.o(.text)
    __decompress1                            0x080093e1   Thumb Code    86  __dczerorl2.o(.text)
    OS_CPU_SR_Save                           0x08009439   Thumb Code     0  os_cpu_a.o(.text )
    OS_CPU_SR_Restore                        0x08009441   Thumb Code     0  os_cpu_a.o(.text )
    OSStartHighRdy                           0x08009447   Thumb Code     0  os_cpu_a.o(.text )
    OSCtxSw                                  0x08009467   Thumb Code     0  os_cpu_a.o(.text )
    OSIntCtxSw                               0x08009471   Thumb Code     0  os_cpu_a.o(.text )
    OS_CPU_PendSVHandler                     0x0800947b   Thumb Code     0  os_cpu_a.o(.text )
    __0sprintf                               0x080094dd   Thumb Code    34  printfa.o(i.__0sprintf)
    __1sprintf                               0x080094dd   Thumb Code     0  printfa.o(i.__0sprintf)
    __2sprintf                               0x080094dd   Thumb Code     0  printfa.o(i.__0sprintf)
    __c89sprintf                             0x080094dd   Thumb Code     0  printfa.o(i.__0sprintf)
    sprintf                                  0x080094dd   Thumb Code     0  printfa.o(i.__0sprintf)
    __scatterload_copy                       0x08009505   Thumb Code    14  handlers.o(i.__scatterload_copy)
    __scatterload_null                       0x08009513   Thumb Code     2  handlers.o(i.__scatterload_null)
    __scatterload_zeroinit                   0x08009515   Thumb Code    14  handlers.o(i.__scatterload_zeroinit)
    Zk_ASCII8X16                             0x0800a140   Data        1520  tft1_44.o(.constdata)
    OSUnMapTbl                               0x0800a730   Data         256  os_core.o(.constdata)
    Region$$Table$$Base                      0x0800a830   Number         0  anon$$obj.o(Region$$Table)
    Region$$Table$$Limit                     0x0800a850   Number         0  anon$$obj.o(Region$$Table)
    Show_Test                                0x20000000   Data           1  app_show.o(.data)
    F_RET                                    0x20000004   Data           1  para.o(.data)
    Para                                     0x20000008   Data          24  para.o(.data)
    Communicate                              0x20000024   Data           4  communicate.o(.data)
    LED1                                     0x20000028   Data           8  led.o(.data)
    LED_OPS                                  0x20000030   Data          16  led.o(.data)
    RTK_OPS                                  0x20000040   Data           8  rtk.o(.data)
    TFT                                      0x20000048   Data          36  tft1_44.o(.data)
    SD_Type                                  0x2000006c   Data           1  sdcard.o(.data)
    Queue_OPS                                0x20000070   Data          12  queue.o(.data)
    BSP                                      0x2000007c   Data           4  bsp.o(.data)
    DataBuf                                  0x20000080   Data           8  adc.o(.data)
    ADC                                      0x20000088   Data          24  adc.o(.data)
    usTicks                                  0x200000a0   Data           4  time.o(.data)
    Os_Time                                  0x200000a4   Data          16  time.o(.data)
    Usart1                                   0x200000b4   Data          20  usart1.o(.data)
    USART1_IsSendNoFull                      0x200000c8   Data           4  usart1.o(.data)
    USART1_IsRecvNoEmpty                     0x200000cc   Data           4  usart1.o(.data)
    Usart2                                   0x200000d0   Data          20  usart2.o(.data)
    USART2_IsSendNoFull                      0x200000e4   Data           4  usart2.o(.data)
    USART2_IsRecvNoEmpty                     0x200000e8   Data           4  usart2.o(.data)
    USART2_IsIdel                            0x200000ec   Data           4  usart2.o(.data)
    Usart3                                   0x200000f0   Data          20  usart3.o(.data)
    USART3_IsSendNoFull                      0x20000104   Data           4  usart3.o(.data)
    USART3_IsRecvNoEmpty                     0x20000108   Data           4  usart3.o(.data)
    SystemCoreClock                          0x20000120   Data           4  system_stm32f10x.o(.data)
    AHBPrescTable                            0x20000124   Data          16  system_stm32f10x.o(.data)
    OSCtxSwCtr                               0x20000134   Data           4  os_core.o(.data)
    OSEventFreeList                          0x20000138   Data           4  os_core.o(.data)
    OSCPUUsage                               0x2000013c   Data           1  os_core.o(.data)
    OSIdleCtrMax                             0x20000140   Data           4  os_core.o(.data)
    OSIdleCtrRun                             0x20000144   Data           4  os_core.o(.data)
    OSStatRdy                                0x20000148   Data           1  os_core.o(.data)
    OSIntNesting                             0x20000149   Data           1  os_core.o(.data)
    OSLockNesting                            0x2000014a   Data           1  os_core.o(.data)
    OSPrioCur                                0x2000014b   Data           1  os_core.o(.data)
    OSPrioHighRdy                            0x2000014c   Data           1  os_core.o(.data)
    OSRdyGrp                                 0x2000014d   Data           1  os_core.o(.data)
    OSRdyTbl                                 0x2000014e   Data           8  os_core.o(.data)
    OSRunning                                0x20000156   Data           1  os_core.o(.data)
    OSTaskCtr                                0x20000157   Data           1  os_core.o(.data)
    OSIdleCtr                                0x20000158   Data           4  os_core.o(.data)
    OSTCBCur                                 0x2000015c   Data           4  os_core.o(.data)
    OSTCBFreeList                            0x20000160   Data           4  os_core.o(.data)
    OSTCBHighRdy                             0x20000164   Data           4  os_core.o(.data)
    OSTCBList                                0x20000168   Data           4  os_core.o(.data)
    OSTickStepState                          0x2000016c   Data           1  os_core.o(.data)
    OSTime                                   0x20000170   Data           4  os_core.o(.data)
    fs                                       0x200012c0   Data         560  para.o(.bss)
    GPS_Data                                 0x200014f0   Data         548  para.o(.bss)
    Para_Data                                0x20001718   Data          64  para.o(.bss)
    RTK_XYZ_HP_SendData                      0x20001758   Data          96  communicate.o(.bss)
    RTK_RMC                                  0x200017b8   Data          64  rtk.o(.bss)
    RTK_GGA                                  0x200017f8   Data          64  rtk.o(.bss)
    RTK_XYZ_HP                               0x20001838   Data          96  rtk.o(.bss)
    SPI_InitStructure                        0x20001898   Data          18  sdcard.o(.bss)
    USART1_TX_BUF                            0x200018ac   Data          32  usart1.o(.bss)
    USART1_RX_BUF                            0x200018cc   Data          32  usart1.o(.bss)
    USART1_QueueSend                         0x200018ec   Data          16  usart1.o(.bss)
    USART1_QueueRecv                         0x200018fc   Data          16  usart1.o(.bss)
    USART2_TX_BUF                            0x2000190c   Data         512  usart2.o(.bss)
    USART2_RX_BUF                            0x20001b0c   Data         512  usart2.o(.bss)
    USART2_QueueSend                         0x20001d0c   Data          16  usart2.o(.bss)
    USART2_QueueRecv                         0x20001d1c   Data          16  usart2.o(.bss)
    USART3_TX_BUF                            0x20001d2c   Data         128  usart3.o(.bss)
    USART3_RX_BUF                            0x20001dac   Data         128  usart3.o(.bss)
    USART3_QueueSend                         0x20001e2c   Data          16  usart3.o(.bss)
    USART3_QueueRecv                         0x20001e3c   Data          16  usart3.o(.bss)
    OSEventTbl                               0x20001e4c   Data         200  os_core.o(.bss)
    OSTaskStatStk                            0x20001f14   Data         512  os_core.o(.bss)
    OSTaskIdleStk                            0x20002114   Data         512  os_core.o(.bss)
    OSTCBPrioTbl                             0x20002314   Data         256  os_core.o(.bss)
    OSTCBTbl                                 0x20002414   Data        1584  os_core.o(.bss)
    __initial_sp                             0x20002e48   Data           0  startup_stm32f10x_md.o(STACK)



==============================================================================

Memory Map of the image

  Image Entry point : 0x08004ff1

  Load Region LR_1 (Base: 0x08000000, Size: 0x0000a9cc, Max: 0xffffffff, ABSOLUTE, COMPRESSED[0x0000a908])

    Execution Region ER_RO (Base: 0x08000000, Size: 0x0000a850, Max: 0xffffffff, ABSOLUTE)

    Base Addr    Size         Type   Attr      Idx    E Section Name        Object

    0x08000000   0x000000ec   Data   RO          661    RESET               startup_stm32f10x_md.o
    0x080000ec   0x00000000   Code   RO          836  * .ARM.Collect$$$$00000000  mc_w.l(entry.o)
    0x080000ec   0x00000004   Code   RO         1140    .ARM.Collect$$$$00000001  mc_w.l(entry2.o)
    0x080000f0   0x00000004   Code   RO         1143    .ARM.Collect$$$$00000004  mc_w.l(entry5.o)
    0x080000f4   0x00000000   Code   RO         1145    .ARM.Collect$$$$00000008  mc_w.l(entry7b.o)
    0x080000f4   0x00000000   Code   RO         1147    .ARM.Collect$$$$0000000A  mc_w.l(entry8b.o)
    0x080000f4   0x00000008   Code   RO         1148    .ARM.Collect$$$$0000000B  mc_w.l(entry9a.o)
    0x080000fc   0x00000000   Code   RO         1150    .ARM.Collect$$$$0000000D  mc_w.l(entry10a.o)
    0x080000fc   0x00000000   Code   RO         1152    .ARM.Collect$$$$0000000F  mc_w.l(entry11a.o)
    0x080000fc   0x00000004   Code   RO         1141    .ARM.Collect$$$$00002712  mc_w.l(entry2.o)
    0x08000100   0x0000008c   Code   RO            1    .text               main.o
    0x0800018c   0x00000022   Code   RO          153    .text               stm32f10x_it.o
    0x080001ae   0x00000002   PAD
    0x080001b0   0x00000034   Code   RO          168    .text               app_gather.o
    0x080001e4   0x000001ac   Code   RO          180    .text               app_show.o
    0x08000390   0x00000210   Code   RO          199    .text               para.o
    0x080005a0   0x000000b4   Code   RO          247    .text               communicate.o
    0x08000654   0x00000052   Code   RO          267    .text               led.o
    0x080006a6   0x00000002   PAD
    0x080006a8   0x00000958   Code   RO          285    .text               rtk.o
    0x08001000   0x00000718   Code   RO          316    .text               tft1_44.o
    0x08001718   0x00000794   Code   RO          342    .text               sdcard.o
    0x08001eac   0x0000009e   Code   RO          361    .text               queue.o
    0x08001f4a   0x00000002   PAD
    0x08001f4c   0x00000074   Code   RO          379    .text               bsp.o
    0x08001fc0   0x00000200   Code   RO          401    .text               adc.o
    0x080021c0   0x000000f0   Code   RO          419    .text               time.o
    0x080022b0   0x00000294   Code   RO          441    .text               usart1.o
    0x08002544   0x000002a0   Code   RO          461    .text               usart2.o
    0x080027e4   0x00000274   Code   RO          481    .text               usart3.o
    0x08002a58   0x000000dc   Code   RO          501    .text               misc.o
    0x08002b34   0x0000044e   Code   RO          513    .text               stm32f10x_adc.o
    0x08002f82   0x00000002   PAD
    0x08002f84   0x00000254   Code   RO          525    .text               stm32f10x_dma.o
    0x080031d8   0x0000035c   Code   RO          552    .text               stm32f10x_gpio.o
    0x08003534   0x000003a8   Code   RO          564    .text               stm32f10x_rcc.o
    0x080038dc   0x0000030c   Code   RO          578    .text               stm32f10x_spi.o
    0x08003be8   0x00000e1a   Code   RO          590    .text               stm32f10x_tim.o
    0x08004a02   0x00000002   PAD
    0x08004a04   0x00000408   Code   RO          602    .text               stm32f10x_usart.o
    0x08004e0c   0x000001e4   Code   RO          625    .text               system_stm32f10x.o
    0x08004ff0   0x00000024   Code   RO          662  * .text               startup_stm32f10x_md.o
    0x08005014   0x000000ae   Code   RO          669    .text               os_cpu_c.o
    0x080050c2   0x00000002   PAD
    0x080050c4   0x0000086c   Code   RO          697    .text               os_core.o
    0x08005930   0x00000600   Code   RO          735    .text               os_mutex.o
    0x08005f30   0x0000038c   Code   RO          753    .text               os_sem.o
    0x080062bc   0x000007b4   Code   RO          765    .text               os_task.o
    0x08006a70   0x000001b0   Code   RO          777    .text               os_time.o
    0x08006c20   0x000000ec   Code   RO          795    .text               diskio.o
    0x08006d0c   0x00001dda   Code   RO          816    .text               ff.o
    0x08008ae6   0x00000024   Code   RO          839    .text               mc_w.l(memcpya.o)
    0x08008b0a   0x0000000e   Code   RO          841    .text               mc_w.l(strlen.o)
    0x08008b18   0x000000b0   Code   RO         1106    .text               mf_w.l(fadd.o)
    0x08008bc8   0x00000064   Code   RO         1108    .text               mf_w.l(fmul.o)
    0x08008c2c   0x0000007c   Code   RO         1110    .text               mf_w.l(fdiv.o)
    0x08008ca8   0x0000014e   Code   RO         1112    .text               mf_w.l(dadd.o)
    0x08008df6   0x000000e4   Code   RO         1114    .text               mf_w.l(dmul.o)
    0x08008eda   0x000000de   Code   RO         1116    .text               mf_w.l(ddiv.o)
    0x08008fb8   0x00000012   Code   RO         1118    .text               mf_w.l(fflti.o)
    0x08008fca   0x0000000a   Code   RO         1120    .text               mf_w.l(ffltui.o)
    0x08008fd4   0x00000022   Code   RO         1122    .text               mf_w.l(dflti.o)
    0x08008ff6   0x00000028   Code   RO         1124    .text               mf_w.l(ffixui.o)
    0x0800901e   0x0000003e   Code   RO         1126    .text               mf_w.l(dfixi.o)
    0x0800905c   0x00000032   Code   RO         1128    .text               mf_w.l(dfixui.o)
    0x0800908e   0x00000026   Code   RO         1130    .text               mf_w.l(f2d.o)
    0x080090b4   0x00000030   Code   RO         1132    .text               mf_w.l(cdcmple.o)
    0x080090e4   0x00000038   Code   RO         1134    .text               mf_w.l(d2f.o)
    0x0800911c   0x00000014   Code   RO         1136    .text               mf_w.l(cfcmple.o)
    0x08009130   0x00000014   Code   RO         1138    .text               mf_w.l(cfrcmple.o)
    0x08009144   0x0000002c   Code   RO         1155    .text               mc_w.l(uidiv.o)
    0x08009170   0x00000062   Code   RO         1157    .text               mc_w.l(uldiv.o)
    0x080091d2   0x0000001e   Code   RO         1159    .text               mc_w.l(llshl.o)
    0x080091f0   0x00000020   Code   RO         1161    .text               mc_w.l(llushr.o)
    0x08009210   0x00000024   Code   RO         1163    .text               mc_w.l(llsshr.o)
    0x08009234   0x00000000   Code   RO         1165    .text               mc_w.l(iusefp.o)
    0x08009234   0x0000006e   Code   RO         1166    .text               mf_w.l(fepilogue.o)
    0x080092a2   0x000000ba   Code   RO         1168    .text               mf_w.l(depilogue.o)
    0x0800935c   0x00000030   Code   RO         1170    .text               mf_w.l(dfixul.o)
    0x0800938c   0x00000030   Code   RO         1172    .text               mf_w.l(cdrcmple.o)
    0x080093bc   0x00000024   Code   RO         1174    .text               mc_w.l(init.o)
    0x080093e0   0x00000056   Code   RO         1184    .text               mc_w.l(__dczerorl2.o)
    0x08009436   0x00000002   PAD
    0x08009438   0x000000a4   Code   RO          666    .text               os_cpu_a.o
    0x080094dc   0x00000028   Code   RO         1080    i.__0sprintf        mc_w.l(printfa.o)
    0x08009504   0x0000000e   Code   RO         1178    i.__scatterload_copy  mc_w.l(handlers.o)
    0x08009512   0x00000002   Code   RO         1179    i.__scatterload_null  mc_w.l(handlers.o)
    0x08009514   0x0000000e   Code   RO         1180    i.__scatterload_zeroinit  mc_w.l(handlers.o)
    0x08009522   0x00000002   PAD
    0x08009524   0x00000164   Code   RO         1085    i._fp_digits        mc_w.l(printfa.o)
    0x08009688   0x000006dc   Code   RO         1086    i._printf_core      mc_w.l(printfa.o)
    0x08009d64   0x00000024   Code   RO         1087    i._printf_post_padding  mc_w.l(printfa.o)
    0x08009d88   0x0000002e   Code   RO         1088    i._printf_pre_padding  mc_w.l(printfa.o)
    0x08009db6   0x0000000a   Code   RO         1090    i._sputc            mc_w.l(printfa.o)
    0x08009dc0   0x00000380   Data   RO          287    .constdata          rtk.o
    0x0800a140   0x000005f0   Data   RO          317    .constdata          tft1_44.o
    0x0800a730   0x00000100   Data   RO          699    .constdata          os_core.o
    0x0800a830   0x00000020   Data   RO         1176    Region$$Table       anon$$obj.o


    Execution Region ER_RW (Base: 0x20000000, Size: 0x0000017c, Max: 0xffffffff, ABSOLUTE, COMPRESSED[0x000000b8])

    Base Addr    Size         Type   Attr      Idx    E Section Name        Object

    0x20000000   0x00000001   Data   RW          181    .data               app_show.o
    0x20000001   0x00000003   PAD
    0x20000004   0x0000001f   Data   RW          201    .data               para.o
    0x20000023   0x00000001   PAD
    0x20000024   0x00000004   Data   RW          249    .data               communicate.o
    0x20000028   0x00000018   Data   RW          268    .data               led.o
    0x20000040   0x00000008   Data   RW          288    .data               rtk.o
    0x20000048   0x00000024   Data   RW          318    .data               tft1_44.o
    0x2000006c   0x00000001   Data   RW          344    .data               sdcard.o
    0x2000006d   0x00000003   PAD
    0x20000070   0x0000000c   Data   RW          362    .data               queue.o
    0x2000007c   0x00000004   Data   RW          380    .data               bsp.o
    0x20000080   0x00000020   Data   RW          402    .data               adc.o
    0x200000a0   0x00000014   Data   RW          420    .data               time.o
    0x200000b4   0x0000001c   Data   RW          443    .data               usart1.o
    0x200000d0   0x00000020   Data   RW          463    .data               usart2.o
    0x200000f0   0x0000001c   Data   RW          483    .data               usart3.o
    0x2000010c   0x00000014   Data   RW          565    .data               stm32f10x_rcc.o
    0x20000120   0x00000014   Data   RW          626    .data               system_stm32f10x.o
    0x20000134   0x00000040   Data   RW          700    .data               os_core.o
    0x20000174   0x00000006   Data   RW          817    .data               ff.o


    Execution Region ER_ZI (Base: 0x2000017c, Size: 0x00002ccc, Max: 0xffffffff, ABSOLUTE)

    Base Addr    Size         Type   Attr      Idx    E Section Name        Object

    0x2000017c   0x00000004   PAD
    0x20000180   0x00001140   Zero   RW            2    .bss                main.o
    0x200012c0   0x00000498   Zero   RW          200    .bss                para.o
    0x20001758   0x00000060   Zero   RW          248    .bss                communicate.o
    0x200017b8   0x000000e0   Zero   RW          286    .bss                rtk.o
    0x20001898   0x00000012   Zero   RW          343    .bss                sdcard.o
    0x200018aa   0x00000002   PAD
    0x200018ac   0x00000060   Zero   RW          442    .bss                usart1.o
    0x2000190c   0x00000420   Zero   RW          462    .bss                usart2.o
    0x20001d2c   0x00000120   Zero   RW          482    .bss                usart3.o
    0x20001e4c   0x00000bf8   Zero   RW          698    .bss                os_core.o
    0x20002a44   0x00000004   PAD
    0x20002a48   0x00000400   Zero   RW          659    STACK               startup_stm32f10x_md.o


==============================================================================

Image component sizes


      Code (inc. data)   RO Data    RW Data    ZI Data      Debug   Object Name

       512         30          0         32          0       1846   adc.o
        52         16          0          0          0        470   app_gather.o
       428         14          0          1          0       2162   app_show.o
       116         24          0          4          0       1085   bsp.o
       180         18          0          4         96       1409   communicate.o
         0          0          0          0          0         32   core_cm3.o
       236          6          0          0          0       3678   diskio.o
      7642         42          0          6          0      24747   ff.o
        82          0          0         24          0       1737   led.o
       140         40          0          0       4416     287021   main.o
       220         22          0          0          0       1733   misc.o
      2156        216        256         64       3064      13783   os_core.o
       164         32          0          0          0        312   os_cpu_a.o
       174          0          0          0          0       9454   os_cpu_c.o
      1536         46          0          0          0       4450   os_mutex.o
       908         18          0          0          0       3854   os_sem.o
      1972         68          0          0          0       7393   os_task.o
       432         30          0          0          0       1770   os_time.o
       528        160          0         31       1176       7599   para.o
       158          0          0         12          0       2298   queue.o
      2392        172        896          8        224       8151   rtk.o
      1940         24          0          1         18       6409   sdcard.o
        36          8        236          0       1024        784   startup_stm32f10x_md.o
      1102         26          0          0          0      10765   stm32f10x_adc.o
       596          8          0          0          0       4262   stm32f10x_dma.o
       860         38          0          0          0       5581   stm32f10x_gpio.o
        34          0          0          0          0       1592   stm32f10x_it.o
       936         40          0         20          0       8740   stm32f10x_rcc.o
       780         14          0          0          0       6462   stm32f10x_spi.o
      3610         88          0          0          0      22064   stm32f10x_tim.o
      1032         22          0          0          0       8304   stm32f10x_usart.o
       484         42          0         20          0       1775   system_stm32f10x.o
      1816         64       1520         36          0       7313   tft1_44.o
       240         22          0         20          0      17040   time.o
       660         42          0         28         96       3558   usart1.o
       672         44          0         32       1056       3659   usart2.o
       628         42          0         28        288       3340   usart3.o

    ----------------------------------------------------------------------
     35466       1478       2940        380      11468     496632   Object Totals
         0          0         32          0          0          0   (incl. Generated)
        12          0          0          9         10          0   (incl. Padding)

    ----------------------------------------------------------------------

      Code (inc. data)   RO Data    RW Data    ZI Data      Debug   Library Member Name

        86          0          0          0          0          0   __dczerorl2.o
         0          0          0          0          0          0   entry.o
         0          0          0          0          0          0   entry10a.o
         0          0          0          0          0          0   entry11a.o
         8          4          0          0          0          0   entry2.o
         4          0          0          0          0          0   entry5.o
         0          0          0          0          0          0   entry7b.o
         0          0          0          0          0          0   entry8b.o
         8          4          0          0          0          0   entry9a.o
        30          0          0          0          0          0   handlers.o
        36          8          0          0          0         68   init.o
         0          0          0          0          0          0   iusefp.o
        30          0          0          0          0         68   llshl.o
        36          0          0          0          0         68   llsshr.o
        32          0          0          0          0         68   llushr.o
        36          0          0          0          0         68   memcpya.o
      2244         86          0          0          0        512   printfa.o
        14          0          0          0          0         68   strlen.o
        44          0          0          0          0         80   uidiv.o
        98          0          0          0          0         92   uldiv.o
        48          0          0          0          0         68   cdcmple.o
        48          0          0          0          0         68   cdrcmple.o
        20          0          0          0          0         68   cfcmple.o
        20          0          0          0          0         68   cfrcmple.o
        56          0          0          0          0         88   d2f.o
       334          0          0          0          0        148   dadd.o
       222          0          0          0          0        100   ddiv.o
       186          0          0          0          0        176   depilogue.o
        62          0          0          0          0         80   dfixi.o
        50          0          0          0          0         76   dfixui.o
        48          0          0          0          0         68   dfixul.o
        34          0          0          0          0         76   dflti.o
       228          0          0          0          0         96   dmul.o
        38          0          0          0          0         68   f2d.o
       176          0          0          0          0        140   fadd.o
       124          0          0          0          0         88   fdiv.o
       110          0          0          0          0        168   fepilogue.o
        40          0          0          0          0         68   ffixui.o
        18          0          0          0          0         68   fflti.o
        10          0          0          0          0         68   ffltui.o
       100          0          0          0          0         76   fmul.o

    ----------------------------------------------------------------------
      4682        102          0          0          0       3016   Library Totals
         4          0          0          0          0          0   (incl. Padding)

    ----------------------------------------------------------------------

      Code (inc. data)   RO Data    RW Data    ZI Data      Debug   Library Name

      2706        102          0          0          0       1092   mc_w.l
      1972          0          0          0          0       1924   mf_w.l

    ----------------------------------------------------------------------
      4682        102          0          0          0       3016   Library Totals

    ----------------------------------------------------------------------

==============================================================================


      Code (inc. data)   RO Data    RW Data    ZI Data      Debug   

     40148       1580       2940        380      11468     494992   Grand Totals
     40148       1580       2940        184      11468     494992   ELF Image Totals (compressed)
     40148       1580       2940        184          0          0   ROM Totals

==============================================================================

    Total RO  Size (Code + RO Data)                43088 (  42.08kB)
    Total RW  Size (RW Data + ZI Data)             11848 (  11.57kB)
    Total ROM Size (Code + RO Data + RW Data)      43272 (  42.26kB)

==============================================================================

