Component: ARM Compiler 5.05 update 1 (build 106) Tool: armlink [4d0efa]

==============================================================================

Section Cross References

    main.o(.text) refers to os_core.o(.text) for OSStatInit
    main.o(.text) refers to sdcard.o(.text) for SD_Init
    main.o(.text) refers to os_task.o(.text) for OSTaskCreate
    main.o(.text) refers to os_time.o(.text) for OSTimeDly
    main.o(.text) refers to bsp.o(.data) for BSP
    main.o(.text) refers to tft1_44.o(.data) for TFT
    main.o(.text) refers to led.o(.data) for LED_OPS
    main.o(.text) refers to para.o(.data) for Para
    main.o(.text) refers to main.o(.bss) for Task_Gather_stk
    main.o(.text) refers to app_gather.o(.text) for Task_Gather
    main.o(.text) refers to app_show.o(.text) for Task_Show
    app_gather.o(.text) refers to os_time.o(.text) for OSTimeDly
    app_gather.o(.text) refers to rtk.o(.data) for RTK_OPS
    app_gather.o(.text) refers to led.o(.data) for LED_OPS
    app_gather.o(.text) refers to communicate.o(.data) for Communicate
    app_gather.o(.text) refers to para.o(.data) for Para
    app_show.o(.text) refers to fadd.o(.text) for __aeabi_fadd
    app_show.o(.text) refers to dfltui.o(.text) for __aeabi_ui2d
    app_show.o(.text) refers to os_time.o(.text) for OSTimeDly
    app_show.o(.text) refers to app_show.o(.data) for Show_Test
    app_show.o(.text) refers to rtk.o(.bss) for RTK_GPS
    app_show.o(.text) refers to tft1_44.o(.data) for TFT
    para.o(.text) refers to ff.o(.text) for f_lseek
    para.o(.text) refers to printfa.o(i.__0sprintf) for __2sprintf
    para.o(.text) refers to strlen.o(.text) for strlen
    para.o(.text) refers to para.o(.bss) for GPS_Data
    para.o(.text) refers to para.o(.data) for F_RET
    para.o(.text) refers to rtk.o(.bss) for RTK_RMC
    para.o(.data) refers to para.o(.bss) for Para_Data
    para.o(.data) refers to para.o(.text) for Para_Init
    communicate.o(.text) refers to rtk.o(.bss) for RTK_GPS
    communicate.o(.text) refers to usart2.o(.data) for Usart2
    communicate.o(.data) refers to communicate.o(.text) for UpData
    led.o(.text) refers to stm32f10x_gpio.o(.text) for GPIO_Init
    led.o(.data) refers to led.o(.text) for LED_Init
    rtk.o(.text) refers to fflti.o(.text) for __aeabi_i2f
    rtk.o(.text) refers to fadd.o(.text) for __aeabi_fadd
    rtk.o(.text) refers to fmul.o(.text) for __aeabi_fmul
    rtk.o(.text) refers to f2d.o(.text) for __aeabi_f2d
    rtk.o(.text) refers to dmul.o(.text) for __aeabi_dmul
    rtk.o(.text) refers to d2f.o(.text) for __aeabi_d2f
    rtk.o(.text) refers to dflti.o(.text) for __aeabi_i2d
    rtk.o(.text) refers to dadd.o(.text) for __aeabi_dadd
    rtk.o(.text) refers to dfixui.o(.text) for __aeabi_d2uiz
    rtk.o(.text) refers to usart2.o(.data) for Usart2
    rtk.o(.text) refers to rtk.o(.bss) for RTK_RMC
    rtk.o(.text) refers to memcpya.o(.text) for __aeabi_memcpy4
    rtk.o(.text) refers to dfixi.o(.text) for __aeabi_d2iz
    rtk.o(.text) refers to ddiv.o(.text) for __aeabi_ddiv
    rtk.o(.text) refers to cdcmple.o(.text) for __aeabi_cdcmpeq
    rtk.o(.text) refers to rtk.o(.constdata) for .constdata
    rtk.o(.data) refers to rtk.o(.text) for RTK_Init
    tft1_44.o(.text) refers to stm32f10x_rcc.o(.text) for RCC_APB2PeriphClockCmd
    tft1_44.o(.text) refers to stm32f10x_gpio.o(.text) for GPIO_PinRemapConfig
    tft1_44.o(.text) refers to stm32f10x_spi.o(.text) for SPI_Init
    tft1_44.o(.text) refers to stm32f10x_tim.o(.text) for TIM_TimeBaseInit
    tft1_44.o(.text) refers to fmul.o(.text) for __aeabi_fmul
    tft1_44.o(.text) refers to ffixui.o(.text) for __aeabi_f2uiz
    tft1_44.o(.text) refers to system_stm32f10x.o(.data) for SystemCoreClock
    tft1_44.o(.text) refers to time.o(.data) for Os_Time
    tft1_44.o(.text) refers to tft1_44.o(.constdata) for Zk_ASCII8X16
    tft1_44.o(.text) refers to fadd.o(.text) for __aeabi_fadd
    tft1_44.o(.text) refers to printfa.o(i.__0sprintf) for __2sprintf
    tft1_44.o(.data) refers to tft1_44.o(.text) for TFT_Init
    sdcard.o(.text) refers to stm32f10x_rcc.o(.text) for RCC_APB2PeriphClockCmd
    sdcard.o(.text) refers to stm32f10x_gpio.o(.text) for GPIO_Init
    sdcard.o(.text) refers to stm32f10x_spi.o(.text) for SPI_Init
    sdcard.o(.text) refers to sdcard.o(.bss) for SPI_InitStructure
    sdcard.o(.text) refers to sdcard.o(.data) for SD_Type
    queue.o(.data) refers to queue.o(.text) for Inqueue
    bsp.o(.text) refers to stm32f10x_rcc.o(.text) for RCC_APB2PeriphClockCmd
    bsp.o(.text) refers to stm32f10x_gpio.o(.text) for GPIO_PinRemapConfig
    bsp.o(.text) refers to time.o(.data) for Os_Time
    bsp.o(.text) refers to usart1.o(.data) for Usart1
    bsp.o(.text) refers to usart2.o(.data) for Usart2
    bsp.o(.text) refers to usart3.o(.data) for Usart3
    bsp.o(.text) refers to adc.o(.data) for ADC
    bsp.o(.data) refers to bsp.o(.text) for BSP_Init
    adc.o(.text) refers to stm32f10x_dma.o(.text) for DMA_DeInit
[...]
    .text                                    0x08004760   Section        0  stm32f10x_usart.o(.text)
    .text                                    0x08004b68   Section        0  system_stm32f10x.o(.text)
    SetSysClockTo72                          0x08004b69   Thumb Code   214  system_stm32f10x.o(.text)
    SetSysClock                              0x08004c3f   Thumb Code     8  system_stm32f10x.o(.text)
    .text                                    0x08004d4c   Section       36  startup_stm32f10x_md.o(.text)
    .text                                    0x08004d70   Section        0  os_cpu_c.o(.text)
    .text                                    0x08004e20   Section        0  os_core.o(.text)
    OS_InitTaskStat                          0x08004ecb   Thumb Code    52  os_core.o(.text)
    OS_InitTaskIdle                          0x08004f21   Thumb Code    52  os_core.o(.text)
    OS_InitEventList                         0x08004f67   Thumb Code    74  os_core.o(.text)
    OS_InitTCBList                           0x08004fb1   Thumb Code    94  os_core.o(.text)
    OS_InitRdyList                           0x0800500f   Thumb Code    44  os_core.o(.text)
    OS_InitMisc                              0x0800503b   Thumb Code    44  os_core.o(.text)
    OS_SchedNew                              0x080050a7   Thumb Code    26  os_core.o(.text)
    .text                                    0x0800568c   Section        0  os_sem.o(.text)
    .text                                    0x08005a18   Section        0  os_task.o(.text)
    .text                                    0x080061cc   Section        0  os_time.o(.text)
    .text                                    0x0800637c   Section        0  diskio.o(.text)
    .text                                    0x08006468   Section        0  ff.o(.text)
    mem_cpy                                  0x0800646d   Thumb Code    26  ff.o(.text)
    mem_set                                  0x08006487   Thumb Code    20  ff.o(.text)
    mem_cmp                                  0x0800649b   Thumb Code    38  ff.o(.text)
    chk_chr                                  0x080064c1   Thumb Code    20  ff.o(.text)
    sync_window                              0x080064d5   Thumb Code    82  ff.o(.text)
    move_window                              0x08006527   Thumb Code    52  ff.o(.text)
    sync_fs                                  0x0800655b   Thumb Code   200  ff.o(.text)
    remove_chain                             0x08006871   Thumb Code   108  ff.o(.text)
    create_chain                             0x080068dd   Thumb Code   214  ff.o(.text)
    dir_sdi                                  0x080069b3   Thumb Code   158  ff.o(.text)
    dir_next                                 0x08006a51   Thumb Code   270  ff.o(.text)
    dir_alloc                                0x08006b5f   Thumb Code    92  ff.o(.text)
    ld_clust                                 0x08006bbb   Thumb Code    32  ff.o(.text)
    st_clust                                 0x08006bdb   Thumb Code    16  ff.o(.text)
    dir_find                                 0x08006beb   Thumb Code    92  ff.o(.text)
    dir_read                                 0x08006c47   Thumb Code   114  ff.o(.text)
    dir_register                             0x08006cb9   Thumb Code    58  ff.o(.text)
    dir_remove                               0x08006cf3   Thumb Code    54  ff.o(.text)
    get_fileinfo                             0x08006d29   Thumb Code   110  ff.o(.text)
    create_name                              0x08006d97   Thumb Code   336  ff.o(.text)
    follow_path                              0x08006ee7   Thumb Code   144  ff.o(.text)
    get_ldnumber                             0x08006f77   Thumb Code    72  ff.o(.text)
    check_fs                                 0x08006fbf   Thumb Code   140  ff.o(.text)
    find_volume                              0x0800704b   Thumb Code   926  ff.o(.text)
    validate                                 0x080073e9   Thumb Code    50  ff.o(.text)
    .text                                    0x08008242   Section        0  memcpya.o(.text)
    .text                                    0x08008266   Section        0  strlen.o(.text)
    .text                                    0x08008274   Section        0  fadd.o(.text)
    .text                                    0x08008324   Section        0  fmul.o(.text)
    .text                                    0x08008388   Section        0  fdiv.o(.text)
    .text                                    0x08008404   Section        0  dadd.o(.text)
    .text                                    0x08008552   Section        0  dmul.o(.text)
    .text                                    0x08008636   Section        0  ddiv.o(.text)
    .text                                    0x08008714   Section        0  fflti.o(.text)
    .text                                    0x08008726   Section        0  ffltui.o(.text)
    .text                                    0x08008730   Section        0  dflti.o(.text)
    .text                                    0x08008752   Section        0  dfltui.o(.text)
    .text                                    0x0800876c   Section        0  ffixui.o(.text)
    .text                                    0x08008794   Section        0  dfixi.o(.text)
    .text                                    0x080087d2   Section        0  dfixui.o(.text)
    .text                                    0x08008804   Section        0  f2d.o(.text)
    .text                                    0x0800882c   Section       48  cdcmple.o(.text)
    .text                                    0x0800885c   Section        0  d2f.o(.text)
    .text                                    0x08008894   Section        0  uidiv.o(.text)
    .text                                    0x080088c0   Section        0  uldiv.o(.text)
    .text                                    0x08008922   Section        0  llshl.o(.text)
    .text                                    0x08008940   Section        0  llushr.o(.text)
    .text                                    0x08008960   Section        0  llsshr.o(.text)
    .text                                    0x08008984   Section        0  iusefp.o(.text)
    .text                                    0x08008984   Section        0  fepilogue.o(.text)
    .text                                    0x080089f2   Section        0  depilogue.o(.text)
    .text                                    0x08008aac   Section        0  dfixul.o(.text)
    .text                                    0x08008adc   Section       48  cdrcmple.o(.text)
    .text                                    0x08008b0c   Section       36  init.o(.text)
    .text                                    0x08008b30   Section        0  __dczerorl2.o(.text)
    .text                                    0x08008b88   Section      164  os_cpu_a.o(.text )
    i.__0sprintf                             0x08008c2c   Section        0  printfa.o(i.__0sprintf)
    i.__scatterload_copy                     0x08008c54   Section       14  handlers.o(i.__scatterload_copy)
    i.__scatterload_null                     0x08008c62   Section        2  handlers.o(i.__scatterload_null)
    i.__scatterload_zeroinit                 0x08008c64   Section       14  handlers.o(i.__scatterload_zeroinit)
    i._fp_digits                             0x08008c74   Section        0  printfa.o(i._fp_digits)
    _fp_digits                               0x08008c75   Thumb Code   334  printfa.o(i._fp_digits)
    i._printf_core                           0x08008dd8   Section        0  printfa.o(i._printf_core)
    _printf_core                             0x08008dd9   Thumb Code  1744  printfa.o(i._printf_core)
    i._printf_post_padding                   0x080094b4   Section        0  printfa.o(i._printf_post_padding)
    _printf_post_padding                     0x080094b5   Thumb Code    36  printfa.o(i._printf_post_padding)
    i._printf_pre_padding                    0x080094d8   Section        0  printfa.o(i._printf_pre_padding)
    _printf_pre_padding                      0x080094d9   Thumb Code    46  printfa.o(i._printf_pre_padding)
    i._sputc                                 0x08009506   Section        0  printfa.o(i._sputc)
    _sputc                                   0x08009507   Thumb Code    10  printfa.o(i._sputc)
    .constdata                               0x08009510   Section      256  rtk.o(.constdata)
    .constdata                               0x08009610   Section     1520  tft1_44.o(.constdata)
    .constdata                               0x08009c00   Section      256  os_core.o(.constdata)
    .data                                    0x20000000   Section        1  app_show.o(.data)
    .data                                    0x20000004   Section       29  para.o(.data)
    Close_Flage                              0x20000020   Data           1  para.o(.data)
    .data                                    0x20000024   Section        4  communicate.o(.data)
    .data                                    0x20000028   Section       24  led.o(.data)
    .data                                    0x20000040   Section        8  rtk.o(.data)
    .data                                    0x20000048   Section       36  tft1_44.o(.data)
    .data                                    0x2000006c   Section        1  sdcard.o(.data)
    .data                                    0x20000070   Section       12  queue.o(.data)
    .data                                    0x2000007c   Section        4  bsp.o(.data)
    .data                                    0x20000080   Section       32  adc.o(.data)
    .data                                    0x200000a0   Section       20  time.o(.data)
    .data                                    0x200000b4   Section       20  usart1.o(.data)
    .data                                    0x200000c8   Section       20  usart2.o(.data)
    .data                                    0x200000dc   Section       20  usart3.o(.data)
    .data                                    0x200000f0   Section       20  stm32f10x_rcc.o(.data)
    APBAHBPrescTable                         0x200000f0   Data          16  stm32f10x_rcc.o(.data)
    ADCPrescTable                            0x20000100   Data           4  stm32f10x_rcc.o(.data)
    .data                                    0x20000104   Section       20  system_stm32f10x.o(.data)
    .data                                    0x20000118   Section       64  os_core.o(.data)
    .data                                    0x20000158   Section        6  ff.o(.data)
    FatFs                                    0x20000158   Data           4  ff.o(.data)
    Fsid                                     0x2000015c   Data           2  ff.o(.data)
    .bss                                     0x20000160   Section     4416  main.o(.bss)
    Task_Init_stk                            0x20000160   Data         320  main.o(.bss)
    Task_Gather_stk                          0x200002a0   Data        2048  main.o(.bss)
    Task_Show_stk                            0x20000aa0   Data        2048  main.o(.bss)
    .bss                                     0x200012a0   Section     1240  para.o(.bss)
    .bss                                     0x20001778   Section      176  rtk.o(.bss)
    .bss                                     0x20001828   Section       18  sdcard.o(.bss)
    .bss                                     0x2000183c   Section       88  usart1.o(.bss)
    .bss                                     0x20001894   Section      504  usart2.o(.bss)
    .bss                                     0x20001a8c   Section      280  usart3.o(.bss)
    .bss                                     0x20001ba4   Section     3064  os_core.o(.bss)
    STACK                                    0x200027a0   Section     1024  startup_stm32f10x_md.o(STACK)

    Global Symbols

    Symbol Name                              Value     Ov Type        Size  Object(Section)

    BuildAttributes$$THM_ISAv4$P$D$K$B$S$PE$A:L22UL41UL21$X:L11$S22US41US21$IEEE1$IW$USESV6$~STKCKD$USESV7$~SHL$OTIME$ROPI$EBA8$MICROLIB$REQ8$PRES8$EABIv2 0x00000000   Number         0  anon$$obj.o ABSOLUTE
    __ARM_use_no_argv                        0x00000000   Number         0  main.o ABSOLUTE
    _printf_a                                0x00000000   Number         0  stubs.o ABSOLUTE
    _printf_c                                0x00000000   Number         0  stubs.o ABSOLUTE
    _printf_charcount                        0x00000000   Number         0  stubs.o ABSOLUTE
    _printf_d                                0x00000000   Number         0  stubs.o ABSOLUTE
    _printf_e                                0x00000000   Number         0  stubs.o ABSOLUTE
    _printf_f                                0x00000000   Number         0  stubs.o ABSOLUTE
    _printf_flags                            0x00000000   Number         0  stubs.o ABSOLUTE
    _printf_fp_dec                           0x00000000   Number         0  stubs.o ABSOLUTE
    _printf_fp_hex                           0x00000000   Number         0  stubs.o ABSOLUTE
    _printf_g                                0x00000000   Number         0  stubs.o ABSOLUTE
    _printf_i                                0x00000000   Number         0  stubs.o ABSOLUTE
    _printf_int_dec                          0x00000000   Number         0  stubs.o ABSOLUTE
    _printf_l                                0x00000000   Number         0  stubs.o ABSOLUTE
    _printf_lc                               0x00000000   Number         0  stubs.o ABSOLUTE
    _printf_ll                               0x00000000   Number         0  stubs.o ABSOLUTE
    _printf_lld                              0x00000000   Number         0  stubs.o ABSOLUTE
    _printf_lli                              0x00000000   Number         0  stubs.o ABSOLUTE
    _printf_llo                              0x00000000   Number         0  stubs.o ABSOLUTE
    _printf_llu                              0x00000000   Number         0  stubs.o ABSOLUTE
    _printf_llx                              0x00000000   Number         0  stubs.o ABSOLUTE
    _printf_longlong_dec                     0x00000000   Number         0  stubs.o ABSOLUTE
    _printf_longlong_hex                     0x00000000   Number         0  stubs.o ABSOLUTE
    _printf_longlong_oct                     0x00000000   Number         0  stubs.o ABSOLUTE
    _printf_ls                               0x00000000   Number         0  stubs.o ABSOLUTE
    _printf_mbtowc                           0x00000000   Number         0  stubs.o ABSOLUTE
    _printf_n                                0x00000000   Number         0  stubs.o ABSOLUTE
    _printf_o                                0x00000000   Number         0  stubs.o ABSOLUTE
    _printf_p                                0x00000000   Number         0  stubs.o ABSOLUTE
    _printf_percent                          0x00000000   Number         0  stubs.o ABSOLUTE
    _printf_pre_padding                      0x00000000   Number         0  stubs.o ABSOLUTE
    _printf_return_value                     0x00000000   Number         0  stubs.o ABSOLUTE
    _printf_s                                0x00000000   Number         0  stubs.o ABSOLUTE
    _printf_sizespec                         0x00000000   Number         0  stubs.o ABSOLUTE
    _printf_str                              0x00000000   Number         0  stubs.o ABSOLUTE
    _printf_truncate_signed                  0x00000000   Number         0  stubs.o ABSOLUTE
    _printf_truncate_unsigned                0x00000000   Number         0  stubs.o ABSOLUTE
    _printf_u                                0x00000000   Number         0  stubs.o ABSOLUTE
    _printf_wc                               0x00000000   Number         0  stubs.o ABSOLUTE
    _printf_wctomb                           0x00000000   Number         0  stubs.o ABSOLUTE
    _printf_widthprec                        0x00000000   Number         0  stubs.o ABSOLUTE
    _printf_x                                0x00000000   Number         0  stubs.o ABSOLUTE
    __cpp_initialize__aeabi_                  - Undefined Weak Reference
    __cxa_finalize                            - Undefined Weak Reference
    _clock_init                               - Undefined Weak Reference
    _microlib_exit                            - Undefined Weak Reference
    __Vectors_Size                           0x000000ec   Number         0  startup_stm32f10x_md.o ABSOLUTE
    __Vectors                                0x08000000   Data           4  startup_stm32f10x_md.o(RESET)
    __Vectors_End                            0x080000ec   Data           0  startup_stm32f10x_md.o(RESET)
    __main                                   0x080000ed   Thumb Code     0  entry.o(.ARM.Collect$$$$00000000)
    _main_stk                                0x080000ed   Thumb Code     0  entry2.o(.ARM.Collect$$$$00000001)
    _main_scatterload                        0x080000f1   Thumb Code     0  entry5.o(.ARM.Collect$$$$00000004)
    __main_after_scatterload                 0x080000f5   Thumb Code     0  entry5.o(.ARM.Collect$$$$00000004)
    _main_clock                              0x080000f5   Thumb Code     0  entry7b.o(.ARM.Collect$$$$00000008)
    _main_cpp_init                           0x080000f5   Thumb Code     0  entry8b.o(.ARM.Collect$$$$0000000A)
    _main_init                               0x080000f5   Thumb Code     0  entry9a.o(.ARM.Collect$$$$0000000B)
    __rt_final_cpp                           0x080000fd   Thumb Code     0  entry10a.o(.ARM.Collect$$$$0000000D)
    __rt_final_exit                          0x080000fd   Thumb Code     0  entry11a.o(.ARM.Collect$$$$0000000F)
    Task_Init                                0x08000101   Thumb Code    74  main.o(.text)
    main                                     0x0800014b   Thumb Code    26  main.o(.text)
    NMI_Handler                              0x0800018d   Thumb Code     2  stm32f10x_it.o(.text)
    HardFault_Handler                        0x0800018f   Thumb Code     4  stm32f10x_it.o(.text)
    MemManage_Handler                        0x08000193   Thumb Code     4  stm32f10x_it.o(.text)
    BusFault_Handler                         0x08000197   Thumb Code     4  stm32f10x_it.o(.text)
    UsageFault_Handler                       0x0800019b   Thumb Code     4  stm32f10x_it.o(.text)
    SVC_Handler                              0x0800019f   Thumb Code     2  stm32f10x_it.o(.text)
    DebugMon_Handler                         0x080001a1   Thumb Code     2  stm32f10x_it.o(.text)
    PendSV_Handler                           0x080001a3   Thumb Code     2  stm32f10x_it.o(.text)
    EXTI9_5_IRQHandler                       0x080001a5   Thumb Code     2  stm32f10x_it.o(.text)
    EXTI1_IRQHandler                         0x080001a7   Thumb Code     2  stm32f10x_it.o(.text)
    EXTI2_IRQHandler                         0x080001a9   Thumb Code     2  stm32f10x_it.o(.text)
    EXTI3_IRQHandler                         0x080001ab   Thumb Code     2  stm32f10x_it.o(.text)
    TIM3_IRQHandler                          0x080001ad   Thumb Code     2  stm32f10x_it.o(.text)
    Task_Gather                              0x080001b1   Thumb Code    48  app_gather.o(.text)
    Show_UI                                  0x080001f5   Thumb Code   398  app_show.o(.text)
    Task_Show                                0x08000383   Thumb Code    16  app_show.o(.text)
    Save_GPS                                 0x080003a5   Thumb Code    96  para.o(.text)
    Set_Title                                0x08000405   Thumb Code    46  para.o(.text)
    Para_Init                                0x08000433   Thumb Code    48  para.o(.text)
    Para_Updata                              0x08000463   Thumb Code   110  para.o(.text)
    Para_Save                                0x080004d1   Thumb Code    74  para.o(.text)
    Para_Read                                0x0800051b   Thumb Code     4  para.o(.text)
    Usart3_Send_Gps                          0x080005b9   Thumb Code    92  communicate.o(.text)
    UpData                                   0x08000615   Thumb Code     8  communicate.o(.text)
    LED_Init                                 0x08000629   Thumb Code    40  led.o(.text)
    LED_On                                   0x08000651   Thumb Code    14  led.o(.text)
    LED_Off                                  0x0800065f   Thumb Code    14  led.o(.text)
    LED_Reverse                              0x0800066d   Thumb Code    14  led.o(.text)
    RTK_Find_Head                            0x0800067d   Thumb Code    52  rtk.o(.text)
    RTK_Read_Frame                           0x080006b1   Thumb Code    96  rtk.o(.text)
    RTK_Str2Float                            0x08000711   Thumb Code   254  rtk.o(.text)
    RTK_Pos2Bool                             0x0800080f   Thumb Code    18  rtk.o(.text)
    RTK_Extract_RmcData                      0x08000821   Thumb Code   304  rtk.o(.text)
    RTK_Extract_GgaData                      0x08000951   Thumb Code   428  rtk.o(.text)
    RTK_Read_GPRMC                           0x08000afd   Thumb Code    90  rtk.o(.text)
    RTK_Read_GPGGA                           0x08000b57   Thumb Code    92  rtk.o(.text)
    RTK_Unit_Convert                         0x08000bb3   Thumb Code   378  rtk.o(.text)
    RTK_Init                                 0x08000d2d   Thumb Code     2  rtk.o(.text)
    RTK_Read                                 0x08000d2f   Thumb Code    20  rtk.o(.text)
    TFT_GPIO_Init                            0x08000d8d   Thumb Code   206  tft1_44.o(.text)
    TFT_SPI_Init                             0x08000e5b   Thumb Code    86  tft1_44.o(.text)
    TFT_PWM_Init                             0x08000eb1   Thumb Code   118  tft1_44.o(.text)
    SPI_WriteByte                            0x08000f27   Thumb Code    26  tft1_44.o(.text)
    TFT_Write_Command                        0x08000f41   Thumb Code    22  tft1_44.o(.text)
    TFT_Write_Data                           0x08000f57   Thumb Code    22  tft1_44.o(.text)
    TFT_Light                                0x08000f6d   Thumb Code    30  tft1_44.o(.text)
    TFT_Single_Colour                        0x08000f8b   Thumb Code    48  tft1_44.o(.text)
    TFT_Init                                 0x08000fbb   Thumb Code   174  tft1_44.o(.text)
    Address_Set_Word                         0x08001069   Thumb Code   148  tft1_44.o(.text)
    Address_Set_Pixel                        0x080010fd   Thumb Code    90  tft1_44.o(.text)
    TFT_ShowChar                             0x08001157   Thumb Code   144  tft1_44.o(.text)
    TFT_ShowString                           0x080011e7   Thumb Code    62  tft1_44.o(.text)
    TFT_ShowNumber                           0x08001225   Thumb Code    46  tft1_44.o(.text)
    TFT_ShowFloat                            0x08001253   Thumb Code    56  tft1_44.o(.text)
    Fill_Rectangle                           0x0800128b   Thumb Code   398  tft1_44.o(.text)
    TFT_Clear_Pixel                          0x08001419   Thumb Code    76  tft1_44.o(.text)
    TFT_Show_Hex                             0x08001465   Thumb Code    38  tft1_44.o(.text)
    SPI_SD_Init                              0x080014a5   Thumb Code   148  sdcard.o(.text)
    SPI_ReadWriteByte                        0x08001539   Thumb Code    50  sdcard.o(.text)
    SPI_SetSpeed                             0x0800156b   Thumb Code    38  sdcard.o(.text)
    SD_WaitReady                             0x08001591   Thumb Code    40  sdcard.o(.text)
    SD_SendCommand                           0x080015b9   Thumb Code   118  sdcard.o(.text)
    SD_SendCommand_NoDeassert                0x0800162f   Thumb Code   102  sdcard.o(.text)
    SD_Init                                  0x08001695   Thumb Code   476  sdcard.o(.text)
    SD_ReceiveData                           0x08001871   Thumb Code   140  sdcard.o(.text)
    SD_GetCID                                0x080018fd   Thumb Code    36  sdcard.o(.text)
    SD_GetCSD                                0x08001921   Thumb Code    36  sdcard.o(.text)
    SD_GetCapacity                           0x08001945   Thumb Code   168  sdcard.o(.text)
    SD_ReadSingleBlock                       0x080019ed   Thumb Code    48  sdcard.o(.text)
    SD_WriteSingleBlock                      0x08001a1d   Thumb Code   208  sdcard.o(.text)
    SD_ReadMultiBlock                        0x08001aed   Thumb Code   100  sdcard.o(.text)
    SD_WriteMultiBlock                       0x08001b51   Thumb Code   224  sdcard.o(.text)
    Inqueue                                  0x08001c39   Thumb Code    44  queue.o(.text)
    Enqueue                                  0x08001c65   Thumb Code    56  queue.o(.text)
    Dequeue                                  0x08001c9d   Thumb Code    58  queue.o(.text)
    BSP_Init                                 0x08001cd9   Thumb Code    92  bsp.o(.text)
    Adc_Init                                 0x08001d4d   Thumb Code   316  adc.o(.text)
    Get_ADCValue                             0x08001e89   Thumb Code   166  adc.o(.text)
    Time_Init                                0x08001f4d   Thumb Code   104  time.o(.text)
    TimeNow_US                               0x08001fb5   Thumb Code    56  time.o(.text)
    Time_WaitMS                              0x08001fed   Thumb Code    24  time.o(.text)
    SysTick_Handler                          0x08002005   Thumb Code    34  time.o(.text)
    USART1_Init                              0x0800203d   Thumb Code   220  usart1.o(.text)
    USART1_Send                              0x08002119   Thumb Code    84  usart1.o(.text)
    USART1_Recv                              0x0800216d   Thumb Code    90  usart1.o(.text)
    USART1_IRQHandler                        0x080021c7   Thumb Code   192  usart1.o(.text)
    fputc                                    0x08002287   Thumb Code    32  usart1.o(.text)
    USART2_Init                              0x080022d1   Thumb Code   216  usart2.o(.text)
    USART2_Send                              0x080023a9   Thumb Code    84  usart2.o(.text)
    USART2_Recv                              0x080023fd   Thumb Code    90  usart2.o(.text)
    USART2_IRQHandler                        0x08002457   Thumb Code   192  usart2.o(.text)
    USART3_Init                              0x08002541   Thumb Code   220  usart3.o(.text)
    USART3_Send                              0x0800261d   Thumb Code    84  usart3.o(.text)
    USART3_Recv                              0x08002671   Thumb Code    90  usart3.o(.text)
    USART3_IRQHandler                        0x080026cb   Thumb Code   192  usart3.o(.text)
    NVIC_PriorityGroupConfig                 0x080027b5   Thumb Code    10  misc.o(.text)
    NVIC_Init                                0x080027bf   Thumb Code   100  misc.o(.text)
    NVIC_SetVectorTable                      0x08002823   Thumb Code    14  misc.o(.text)
    NVIC_SystemLPConfig                      0x08002831   Thumb Code    34  misc.o(.text)
    SysTick_CLKSourceConfig                  0x08002853   Thumb Code    40  misc.o(.text)
    ADC_DeInit                               0x08002891   Thumb Code    78  stm32f10x_adc.o(.text)
    ADC_Init                                 0x080028df   Thumb Code    70  stm32f10x_adc.o(.text)
    ADC_StructInit                           0x08002925   Thumb Code    18  stm32f10x_adc.o(.text)
    ADC_Cmd                                  0x08002937   Thumb Code    22  stm32f10x_adc.o(.text)
    ADC_DMACmd                               0x0800294d   Thumb Code    22  stm32f10x_adc.o(.text)
    ADC_ITConfig                             0x08002963   Thumb Code    24  stm32f10x_adc.o(.text)
    ADC_ResetCalibration                     0x0800297b   Thumb Code    10  stm32f10x_adc.o(.text)
    ADC_GetResetCalibrationStatus            0x08002985   Thumb Code    20  stm32f10x_adc.o(.text)
    ADC_StartCalibration                     0x08002999   Thumb Code    10  stm32f10x_adc.o(.text)
    ADC_GetCalibrationStatus                 0x080029a3   Thumb Code    20  stm32f10x_adc.o(.text)
    ADC_SoftwareStartConvCmd                 0x080029b7   Thumb Code    22  stm32f10x_adc.o(.text)
    ADC_GetSoftwareStartConvStatus           0x080029cd   Thumb Code    20  stm32f10x_adc.o(.text)
    ADC_DiscModeChannelCountConfig           0x080029e1   Thumb Code    24  stm32f10x_adc.o(.text)
    ADC_DiscModeCmd                          0x080029f9   Thumb Code    22  stm32f10x_adc.o(.text)
    ADC_RegularChannelConfig                 0x08002a0f   Thumb Code   184  stm32f10x_adc.o(.text)
    ADC_ExternalTrigConvCmd                  0x08002ac7   Thumb Code    22  stm32f10x_adc.o(.text)
    ADC_GetConversionValue                   0x08002add   Thumb Code     8  stm32f10x_adc.o(.text)
    ADC_GetDualModeConversionValue           0x08002ae5   Thumb Code     8  stm32f10x_adc.o(.text)
    ADC_AutoInjectedConvCmd                  0x08002aed   Thumb Code    22  stm32f10x_adc.o(.text)
    ADC_InjectedDiscModeCmd                  0x08002b03   Thumb Code    22  stm32f10x_adc.o(.text)
    ADC_ExternalTrigInjectedConvConfig       0x08002b19   Thumb Code    16  stm32f10x_adc.o(.text)
    ADC_ExternalTrigInjectedConvCmd          0x08002b29   Thumb Code    22  stm32f10x_adc.o(.text)
    ADC_SoftwareStartInjectedConvCmd         0x08002b3f   Thumb Code    22  stm32f10x_adc.o(.text)
    ADC_GetSoftwareStartInjectedConvCmdStatus 0x08002b55   Thumb Code    20  stm32f10x_adc.o(.text)
    ADC_InjectedChannelConfig                0x08002b69   Thumb Code   130  stm32f10x_adc.o(.text)
    ADC_InjectedSequencerLengthConfig        0x08002beb   Thumb Code    24  stm32f10x_adc.o(.text)
    ADC_SetInjectedOffset                    0x08002c03   Thumb Code    20  stm32f10x_adc.o(.text)
    ADC_GetInjectedConversionValue           0x08002c17   Thumb Code    28  stm32f10x_adc.o(.text)
    ADC_AnalogWatchdogCmd                    0x08002c33   Thumb Code    16  stm32f10x_adc.o(.text)
    ADC_AnalogWatchdogThresholdsConfig       0x08002c43   Thumb Code     6  stm32f10x_adc.o(.text)
    ADC_AnalogWatchdogSingleChannelConfig    0x08002c49   Thumb Code    16  stm32f10x_adc.o(.text)
    ADC_TempSensorVrefintCmd                 0x08002c59   Thumb Code    64  stm32f10x_adc.o(.text)
    ADC_GetFlagStatus                        0x08002c99   Thumb Code    18  stm32f10x_adc.o(.text)
    ADC_ClearFlag                            0x08002cab   Thumb Code     6  stm32f10x_adc.o(.text)
    ADC_GetITStatus                          0x08002cb1   Thumb Code    36  stm32f10x_adc.o(.text)
    ADC_ClearITPendingBit                    0x08002cd5   Thumb Code    10  stm32f10x_adc.o(.text)
    DMA_DeInit                               0x08002ce1   Thumb Code   324  stm32f10x_dma.o(.text)
    DMA_Init                                 0x08002e25   Thumb Code    60  stm32f10x_dma.o(.text)
    DMA_StructInit                           0x08002e61   Thumb Code    26  stm32f10x_dma.o(.text)
    DMA_Cmd                                  0x08002e7b   Thumb Code    24  stm32f10x_dma.o(.text)
    DMA_ITConfig                             0x08002e93   Thumb Code    18  stm32f10x_dma.o(.text)
    DMA_SetCurrDataCounter                   0x08002ea5   Thumb Code     4  stm32f10x_dma.o(.text)
    DMA_GetCurrDataCounter                   0x08002ea9   Thumb Code     8  stm32f10x_dma.o(.text)
    DMA_GetFlagStatus                        0x08002eb1   Thumb Code    40  stm32f10x_dma.o(.text)
    DMA_ClearFlag                            0x08002ed9   Thumb Code    22  stm32f10x_dma.o(.text)
    DMA_GetITStatus                          0x08002eef   Thumb Code    40  stm32f10x_dma.o(.text)
    DMA_ClearITPendingBit                    0x08002f17   Thumb Code    22  stm32f10x_dma.o(.text)
    GPIO_DeInit                              0x08002f35   Thumb Code   172  stm32f10x_gpio.o(.text)
    GPIO_AFIODeInit                          0x08002fe1   Thumb Code    20  stm32f10x_gpio.o(.text)
    GPIO_Init                                0x08002ff5   Thumb Code   278  stm32f10x_gpio.o(.text)
    GPIO_StructInit                          0x0800310b   Thumb Code    16  stm32f10x_gpio.o(.text)
    GPIO_ReadInputDataBit                    0x0800311b   Thumb Code    18  stm32f10x_gpio.o(.text)
    GPIO_ReadInputData                       0x0800312d   Thumb Code     8  stm32f10x_gpio.o(.text)
    GPIO_ReadOutputDataBit                   0x08003135   Thumb Code    18  stm32f10x_gpio.o(.text)
    GPIO_ReadOutputData                      0x08003147   Thumb Code     8  stm32f10x_gpio.o(.text)
    GPIO_SetBits                             0x0800314f   Thumb Code     4  stm32f10x_gpio.o(.text)
    GPIO_ResetBits                           0x08003153   Thumb Code     4  stm32f10x_gpio.o(.text)
    GPIO_WriteBit                            0x08003157   Thumb Code    10  stm32f10x_gpio.o(.text)
    GPIO_Write                               0x08003161   Thumb Code     4  stm32f10x_gpio.o(.text)
    GPIO_PinLockConfig                       0x08003165   Thumb Code    18  stm32f10x_gpio.o(.text)
    GPIO_EventOutputConfig                   0x08003177   Thumb Code    26  stm32f10x_gpio.o(.text)
    GPIO_EventOutputCmd                      0x08003191   Thumb Code     6  stm32f10x_gpio.o(.text)
    GPIO_PinRemapConfig                      0x08003197   Thumb Code   138  stm32f10x_gpio.o(.text)
    GPIO_EXTILineConfig                      0x08003221   Thumb Code    66  stm32f10x_gpio.o(.text)
    GPIO_ETH_MediaInterfaceConfig            0x08003263   Thumb Code     8  stm32f10x_gpio.o(.text)
    RCC_DeInit                               0x08003291   Thumb Code    64  stm32f10x_rcc.o(.text)
    RCC_HSEConfig                            0x080032d1   Thumb Code    70  stm32f10x_rcc.o(.text)
    RCC_GetFlagStatus                        0x08003317   Thumb Code    56  stm32f10x_rcc.o(.text)
    RCC_WaitForHSEStartUp                    0x0800334f   Thumb Code    56  stm32f10x_rcc.o(.text)
    RCC_AdjustHSICalibrationValue            0x08003387   Thumb Code    20  stm32f10x_rcc.o(.text)
    RCC_HSICmd                               0x0800339b   Thumb Code     6  stm32f10x_rcc.o(.text)
    RCC_PLLConfig                            0x080033a1   Thumb Code    24  stm32f10x_rcc.o(.text)
    RCC_PLLCmd                               0x080033b9   Thumb Code     6  stm32f10x_rcc.o(.text)
    RCC_SYSCLKConfig                         0x080033bf   Thumb Code    18  stm32f10x_rcc.o(.text)
    RCC_GetSYSCLKSource                      0x080033d1   Thumb Code    10  stm32f10x_rcc.o(.text)
    RCC_HCLKConfig                           0x080033db   Thumb Code    18  stm32f10x_rcc.o(.text)
    RCC_PCLK1Config                          0x080033ed   Thumb Code    18  stm32f10x_rcc.o(.text)
    RCC_PCLK2Config                          0x080033ff   Thumb Code    20  stm32f10x_rcc.o(.text)
    RCC_ITConfig                             0x08003413   Thumb Code    26  stm32f10x_rcc.o(.text)
    RCC_USBCLKConfig                         0x0800342d   Thumb Code     8  stm32f10x_rcc.o(.text)
    RCC_ADCCLKConfig                         0x08003435   Thumb Code    18  stm32f10x_rcc.o(.text)
    RCC_LSEConfig                            0x08003447   Thumb Code    50  stm32f10x_rcc.o(.text)
    RCC_LSICmd                               0x08003479   Thumb Code     6  stm32f10x_rcc.o(.text)
    RCC_RTCCLKConfig                         0x0800347f   Thumb Code    12  stm32f10x_rcc.o(.text)
    RCC_RTCCLKCmd                            0x0800348b   Thumb Code     8  stm32f10x_rcc.o(.text)
    RCC_GetClocksFreq                        0x08003493   Thumb Code   192  stm32f10x_rcc.o(.text)
    RCC_AHBPeriphClockCmd                    0x08003553   Thumb Code    26  stm32f10x_rcc.o(.text)
    RCC_APB2PeriphClockCmd                   0x0800356d   Thumb Code    26  stm32f10x_rcc.o(.text)
    RCC_APB1PeriphClockCmd                   0x08003587   Thumb Code    26  stm32f10x_rcc.o(.text)
    RCC_APB2PeriphResetCmd                   0x080035a1   Thumb Code    26  stm32f10x_rcc.o(.text)
    RCC_APB1PeriphResetCmd                   0x080035bb   Thumb Code    26  stm32f10x_rcc.o(.text)
    RCC_BackupResetCmd                       0x080035d5   Thumb Code     8  stm32f10x_rcc.o(.text)
    RCC_ClockSecuritySystemCmd               0x080035dd   Thumb Code     6  stm32f10x_rcc.o(.text)
    RCC_MCOConfig                            0x080035e3   Thumb Code     6  stm32f10x_rcc.o(.text)
    RCC_ClearFlag                            0x080035e9   Thumb Code    14  stm32f10x_rcc.o(.text)
    RCC_GetITStatus                          0x080035f7   Thumb Code    20  stm32f10x_rcc.o(.text)
    RCC_ClearITPendingBit                    0x0800360b   Thumb Code     6  stm32f10x_rcc.o(.text)
    SPI_I2S_DeInit                           0x08003639   Thumb Code    76  stm32f10x_spi.o(.text)
    SPI_Init                                 0x08003685   Thumb Code    60  stm32f10x_spi.o(.text)
    I2S_Init                                 0x080036c1   Thumb Code   226  stm32f10x_spi.o(.text)
    SPI_StructInit                           0x080037a3   Thumb Code    24  stm32f10x_spi.o(.text)
    I2S_StructInit                           0x080037bb   Thumb Code    20  stm32f10x_spi.o(.text)
    SPI_Cmd                                  0x080037cf   Thumb Code    24  stm32f10x_spi.o(.text)
    I2S_Cmd                                  0x080037e7   Thumb Code    24  stm32f10x_spi.o(.text)
    SPI_I2S_ITConfig                         0x080037ff   Thumb Code    32  stm32f10x_spi.o(.text)
    SPI_I2S_DMACmd                           0x0800381f   Thumb Code    18  stm32f10x_spi.o(.text)
    SPI_I2S_SendData                         0x08003831   Thumb Code     4  stm32f10x_spi.o(.text)
    SPI_I2S_ReceiveData                      0x08003835   Thumb Code     6  stm32f10x_spi.o(.text)
    SPI_NSSInternalSoftwareConfig            0x0800383b   Thumb Code    30  stm32f10x_spi.o(.text)
    SPI_SSOutputCmd                          0x08003859   Thumb Code    24  stm32f10x_spi.o(.text)
    SPI_DataSizeConfig                       0x08003871   Thumb Code    18  stm32f10x_spi.o(.text)
    SPI_TransmitCRC                          0x08003883   Thumb Code    10  stm32f10x_spi.o(.text)
    SPI_CalculateCRC                         0x0800388d   Thumb Code    24  stm32f10x_spi.o(.text)
    SPI_GetCRC                               0x080038a5   Thumb Code    16  stm32f10x_spi.o(.text)
    SPI_GetCRCPolynomial                     0x080038b5   Thumb Code     6  stm32f10x_spi.o(.text)
    SPI_BiDirectionalLineConfig              0x080038bb   Thumb Code    28  stm32f10x_spi.o(.text)
    SPI_I2S_GetFlagStatus                    0x080038d7   Thumb Code    18  stm32f10x_spi.o(.text)
    SPI_I2S_ClearFlag                        0x080038e9   Thumb Code     6  stm32f10x_spi.o(.text)
    SPI_I2S_GetITStatus                      0x080038ef   Thumb Code    52  stm32f10x_spi.o(.text)
    SPI_I2S_ClearITPendingBit                0x08003923   Thumb Code    20  stm32f10x_spi.o(.text)
    TIM_DeInit                               0x08003945   Thumb Code   424  stm32f10x_tim.o(.text)
    TIM_TimeBaseInit                         0x08003aed   Thumb Code   122  stm32f10x_tim.o(.text)
    TIM_OC1Init                              0x08003b67   Thumb Code   132  stm32f10x_tim.o(.text)
    TIM_OC2Init                              0x08003beb   Thumb Code   154  stm32f10x_tim.o(.text)
    TIM_OC3Init                              0x08003c85   Thumb Code   150  stm32f10x_tim.o(.text)
    TIM_OC4Init                              0x08003d1b   Thumb Code   182  stm32f10x_tim.o(.text)
    TIM_SetIC4Prescaler                      0x08003dd1   Thumb Code    26  stm32f10x_tim.o(.text)
    TIM_SetIC3Prescaler                      0x08003e6d   Thumb Code    18  stm32f10x_tim.o(.text)
    TIM_SetIC2Prescaler                      0x08003ef9   Thumb Code    26  stm32f10x_tim.o(.text)
    TIM_SetIC1Prescaler                      0x08003f95   Thumb Code    18  stm32f10x_tim.o(.text)
    TIM_ICInit                               0x08004013   Thumb Code   150  stm32f10x_tim.o(.text)
    TIM_PWMIConfig                           0x080040a9   Thumb Code   124  stm32f10x_tim.o(.text)
    TIM_BDTRConfig                           0x08004125   Thumb Code    32  stm32f10x_tim.o(.text)
    TIM_TimeBaseStructInit                   0x08004145   Thumb Code    18  stm32f10x_tim.o(.text)
    TIM_OCStructInit                         0x08004157   Thumb Code    20  stm32f10x_tim.o(.text)
    TIM_ICStructInit                         0x0800416b   Thumb Code    18  stm32f10x_tim.o(.text)
    TIM_BDTRStructInit                       0x0800417d   Thumb Code    40  stm32f10x_tim.o(.text)
    TIM_Cmd                                  0x080041a5   Thumb Code    24  stm32f10x_tim.o(.text)
    TIM_CtrlPWMOutputs                       0x080041bd   Thumb Code    30  stm32f10x_tim.o(.text)
    TIM_ITConfig                             0x080041db   Thumb Code    18  stm32f10x_tim.o(.text)
    TIM_GenerateEvent                        0x080041ed   Thumb Code     4  stm32f10x_tim.o(.text)
    TIM_DMAConfig                            0x080041f1   Thumb Code    10  stm32f10x_tim.o(.text)
    TIM_DMACmd                               0x080041fb   Thumb Code    18  stm32f10x_tim.o(.text)
    TIM_InternalClockConfig                  0x0800420d   Thumb Code    12  stm32f10x_tim.o(.text)
    TIM_SelectInputTrigger                   0x08004219   Thumb Code    18  stm32f10x_tim.o(.text)
    TIM_ITRxExternalClockConfig              0x0800422b   Thumb Code    24  stm32f10x_tim.o(.text)
    TIM_TIxExternalClockConfig               0x08004243   Thumb Code    62  stm32f10x_tim.o(.text)
    TIM_ETRConfig                            0x08004281   Thumb Code    28  stm32f10x_tim.o(.text)
    TIM_ETRClockMode1Config                  0x0800429d   Thumb Code    54  stm32f10x_tim.o(.text)
    TIM_ETRClockMode2Config                  0x080042d3   Thumb Code    32  stm32f10x_tim.o(.text)
    TIM_PrescalerConfig                      0x080042f3   Thumb Code     6  stm32f10x_tim.o(.text)
    TIM_CounterModeConfig                    0x080042f9   Thumb Code    18  stm32f10x_tim.o(.text)
    TIM_EncoderInterfaceConfig               0x0800430b   Thumb Code    66  stm32f10x_tim.o(.text)
    TIM_ForcedOC1Config                      0x0800434d   Thumb Code    18  stm32f10x_tim.o(.text)
    TIM_ForcedOC2Config                      0x0800435f   Thumb Code    26  stm32f10x_tim.o(.text)
    TIM_ForcedOC3Config                      0x08004379   Thumb Code    18  stm32f10x_tim.o(.text)
    TIM_ForcedOC4Config                      0x0800438b   Thumb Code    26  stm32f10x_tim.o(.text)
    TIM_ARRPreloadConfig                     0x080043a5   Thumb Code    24  stm32f10x_tim.o(.text)
    TIM_SelectCOM                            0x080043bd   Thumb Code    24  stm32f10x_tim.o(.text)
    TIM_SelectCCDMA                          0x080043d5   Thumb Code    24  stm32f10x_tim.o(.text)
    TIM_CCPreloadControl                     0x080043ed   Thumb Code    24  stm32f10x_tim.o(.text)
    TIM_OC1PreloadConfig                     0x08004405   Thumb Code    18  stm32f10x_tim.o(.text)
    TIM_OC2PreloadConfig                     0x08004417   Thumb Code    26  stm32f10x_tim.o(.text)
    TIM_OC3PreloadConfig                     0x08004431   Thumb Code    18  stm32f10x_tim.o(.text)
    TIM_OC4PreloadConfig                     0x08004443   Thumb Code    26  stm32f10x_tim.o(.text)
    TIM_OC1FastConfig                        0x0800445d   Thumb Code    18  stm32f10x_tim.o(.text)
    TIM_OC2FastConfig                        0x0800446f   Thumb Code    26  stm32f10x_tim.o(.text)
    TIM_OC3FastConfig                        0x08004489   Thumb Code    18  stm32f10x_tim.o(.text)
    TIM_OC4FastConfig                        0x0800449b   Thumb Code    26  stm32f10x_tim.o(.text)
    TIM_ClearOC1Ref                          0x080044b5   Thumb Code    18  stm32f10x_tim.o(.text)
    TIM_ClearOC2Ref                          0x080044c7   Thumb Code    24  stm32f10x_tim.o(.text)
    TIM_ClearOC3Ref                          0x080044df   Thumb Code    18  stm32f10x_tim.o(.text)
    TIM_ClearOC4Ref                          0x080044f1   Thumb Code    24  stm32f10x_tim.o(.text)
    TIM_OC1PolarityConfig                    0x08004509   Thumb Code    18  stm32f10x_tim.o(.text)
    TIM_OC1NPolarityConfig                   0x0800451b   Thumb Code    18  stm32f10x_tim.o(.text)
    TIM_OC2PolarityConfig                    0x0800452d   Thumb Code    26  stm32f10x_tim.o(.text)
    TIM_OC2NPolarityConfig                   0x08004547   Thumb Code    26  stm32f10x_tim.o(.text)
    TIM_OC3PolarityConfig                    0x08004561   Thumb Code    26  stm32f10x_tim.o(.text)
    TIM_OC3NPolarityConfig                   0x0800457b   Thumb Code    26  stm32f10x_tim.o(.text)
    TIM_OC4PolarityConfig                    0x08004595   Thumb Code    26  stm32f10x_tim.o(.text)
    TIM_CCxCmd                               0x080045af   Thumb Code    30  stm32f10x_tim.o(.text)
    TIM_CCxNCmd                              0x080045cd   Thumb Code    30  stm32f10x_tim.o(.text)
    TIM_SelectOCxM                           0x080045eb   Thumb Code    82  stm32f10x_tim.o(.text)
    TIM_UpdateDisableConfig                  0x0800463d   Thumb Code    24  stm32f10x_tim.o(.text)
    TIM_UpdateRequestConfig                  0x08004655   Thumb Code    24  stm32f10x_tim.o(.text)
    TIM_SelectHallSensor                     0x0800466d   Thumb Code    24  stm32f10x_tim.o(.text)
    TIM_SelectOnePulseMode                   0x08004685   Thumb Code    18  stm32f10x_tim.o(.text)
    TIM_SelectOutputTrigger                  0x08004697   Thumb Code    18  stm32f10x_tim.o(.text)
    TIM_SelectSlaveMode                      0x080046a9   Thumb Code    18  stm32f10x_tim.o(.text)
    TIM_SelectMasterSlaveMode                0x080046bb   Thumb Code    18  stm32f10x_tim.o(.text)
    TIM_SetCounter                           0x080046cd   Thumb Code     4  stm32f10x_tim.o(.text)
    TIM_SetAutoreload                        0x080046d1   Thumb Code     4  stm32f10x_tim.o(.text)
    TIM_SetCompare1                          0x080046d5   Thumb Code     4  stm32f10x_tim.o(.text)
    TIM_SetCompare2                          0x080046d9   Thumb Code     4  stm32f10x_tim.o(.text)
    TIM_SetCompare3                          0x080046dd   Thumb Code     4  stm32f10x_tim.o(.text)
    TIM_SetCompare4                          0x080046e1   Thumb Code     6  stm32f10x_tim.o(.text)
    TIM_SetClockDivision                     0x080046e7   Thumb Code    18  stm32f10x_tim.o(.text)
    TIM_GetCapture1                          0x080046f9   Thumb Code     6  stm32f10x_tim.o(.text)
    TIM_GetCapture2                          0x080046ff   Thumb Code     6  stm32f10x_tim.o(.text)
    TIM_GetCapture3                          0x08004705   Thumb Code     6  stm32f10x_tim.o(.text)
    TIM_GetCapture4                          0x0800470b   Thumb Code     8  stm32f10x_tim.o(.text)
    TIM_GetCounter                           0x08004713   Thumb Code     6  stm32f10x_tim.o(.text)
    TIM_GetPrescaler                         0x08004719   Thumb Code     6  stm32f10x_tim.o(.text)
    TIM_GetFlagStatus                        0x0800471f   Thumb Code    18  stm32f10x_tim.o(.text)
    TIM_ClearFlag                            0x08004731   Thumb Code     6  stm32f10x_tim.o(.text)
    TIM_GetITStatus                          0x08004737   Thumb Code    34  stm32f10x_tim.o(.text)
    TIM_ClearITPendingBit                    0x08004759   Thumb Code     6  stm32f10x_tim.o(.text)
    USART_DeInit                             0x08004761   Thumb Code   134  stm32f10x_usart.o(.text)
    USART_Init                               0x080047e7   Thumb Code   210  stm32f10x_usart.o(.text)
    USART_StructInit                         0x080048b9   Thumb Code    24  stm32f10x_usart.o(.text)
    USART_ClockInit                          0x080048d1   Thumb Code    34  stm32f10x_usart.o(.text)
    USART_ClockStructInit                    0x080048f3   Thumb Code    12  stm32f10x_usart.o(.text)
    USART_Cmd                                0x080048ff   Thumb Code    24  stm32f10x_usart.o(.text)
    USART_ITConfig                           0x08004917   Thumb Code    74  stm32f10x_usart.o(.text)
    USART_DMACmd                             0x08004961   Thumb Code    18  stm32f10x_usart.o(.text)
    USART_SetAddress                         0x08004973   Thumb Code    18  stm32f10x_usart.o(.text)
    USART_WakeUpConfig                       0x08004985   Thumb Code    18  stm32f10x_usart.o(.text)
    USART_ReceiverWakeUpCmd                  0x08004997   Thumb Code    24  stm32f10x_usart.o(.text)
    USART_LINBreakDetectLengthConfig         0x080049af   Thumb Code    18  stm32f10x_usart.o(.text)
    USART_LINCmd                             0x080049c1   Thumb Code    24  stm32f10x_usart.o(.text)
    USART_SendData                           0x080049d9   Thumb Code     8  stm32f10x_usart.o(.text)
    USART_ReceiveData                        0x080049e1   Thumb Code    10  stm32f10x_usart.o(.text)
    USART_SendBreak                          0x080049eb   Thumb Code    10  stm32f10x_usart.o(.text)
    USART_SetGuardTime                       0x080049f5   Thumb Code    16  stm32f10x_usart.o(.text)
    USART_SetPrescaler                       0x08004a05   Thumb Code    16  stm32f10x_usart.o(.text)
    USART_SmartCardCmd                       0x08004a15   Thumb Code    24  stm32f10x_usart.o(.text)
    USART_SmartCardNACKCmd                   0x08004a2d   Thumb Code    24  stm32f10x_usart.o(.text)
    USART_HalfDuplexCmd                      0x08004a45   Thumb Code    24  stm32f10x_usart.o(.text)
    USART_OverSampling8Cmd                   0x08004a5d   Thumb Code    22  stm32f10x_usart.o(.text)
    USART_OneBitMethodCmd                    0x08004a73   Thumb Code    24  stm32f10x_usart.o(.text)
    USART_IrDAConfig                         0x08004a8b   Thumb Code    18  stm32f10x_usart.o(.text)
    USART_IrDACmd                            0x08004a9d   Thumb Code    24  stm32f10x_usart.o(.text)
    USART_GetFlagStatus                      0x08004ab5   Thumb Code    26  stm32f10x_usart.o(.text)
    USART_ClearFlag                          0x08004acf   Thumb Code    18  stm32f10x_usart.o(.text)
    USART_GetITStatus                        0x08004ae1   Thumb Code    84  stm32f10x_usart.o(.text)
    USART_ClearITPendingBit                  0x08004b35   Thumb Code    52  stm32f10x_usart.o(.text)
    SystemInit                               0x08004c47   Thumb Code    78  system_stm32f10x.o(.text)
    SystemCoreClockUpdate                    0x08004c95   Thumb Code   142  system_stm32f10x.o(.text)
    Reset_Handler                            0x08004d4d   Thumb Code     8  startup_stm32f10x_md.o(.text)
    ADC1_2_IRQHandler                        0x08004d67   Thumb Code     0  startup_stm32f10x_md.o(.text)
    CAN1_RX1_IRQHandler                      0x08004d67   Thumb Code     0  startup_stm32f10x_md.o(.text)
    CAN1_SCE_IRQHandler                      0x08004d67   Thumb Code     0  startup_stm32f10x_md.o(.text)
    DMA1_Channel1_IRQHandler                 0x08004d67   Thumb Code     0  startup_stm32f10x_md.o(.text)
    DMA1_Channel2_IRQHandler                 0x08004d67   Thumb Code     0  startup_stm32f10x_md.o(.text)
    DMA1_Channel3_IRQHandler                 0x08004d67   Thumb Code     0  startup_stm32f10x_md.o(.text)
    DMA1_Channel4_IRQHandler                 0x08004d67   Thumb Code     0  startup_stm32f10x_md.o(.text)
    DMA1_Channel5_IRQHandler                 0x08004d67   Thumb Code     0  startup_stm32f10x_md.o(.text)
    DMA1_Channel6_IRQHandler                 0x08004d67   Thumb Code     0  startup_stm32f10x_md.o(.text)
    DMA1_Channel7_IRQHandler                 0x08004d67   Thumb Code     0  startup_stm32f10x_md.o(.text)
    EXTI0_IRQHandler                         0x08004d67   Thumb Code     0  startup_stm32f10x_md.o(.text)
    EXTI15_10_IRQHandler                     0x08004d67   Thumb Code     0  startup_stm32f10x_md.o(.text)
    EXTI4_IRQHandler                         0x08004d67   Thumb Code     0  startup_stm32f10x_md.o(.text)
    FLASH_IRQHandler                         0x08004d67   Thumb Code     0  startup_stm32f10x_md.o(.text)
    I2C1_ER_IRQHandler                       0x08004d67   Thumb Code     0  startup_stm32f10x_md.o(.text)
    I2C1_EV_IRQHandler                       0x08004d67   Thumb Code     0  startup_stm32f10x_md.o(.text)
    I2C2_ER_IRQHandler                       0x08004d67   Thumb Code     0  startup_stm32f10x_md.o(.text)
    I2C2_EV_IRQHandler                       0x08004d67   Thumb Code     0  startup_stm32f10x_md.o(.text)
    PVD_IRQHandler                           0x08004d67   Thumb Code     0  startup_stm32f10x_md.o(.text)
    RCC_IRQHandler                           0x08004d67   Thumb Code     0  startup_stm32f10x_md.o(.text)
    RTCAlarm_IRQHandler                      0x08004d67   Thumb Code     0  startup_stm32f10x_md.o(.text)
    RTC_IRQHandler                           0x08004d67   Thumb Code     0  startup_stm32f10x_md.o(.text)
    SPI1_IRQHandler                          0x08004d67   Thumb Code     0  startup_stm32f10x_md.o(.text)
    SPI2_IRQHandler                          0x08004d67   Thumb Code     0  startup_stm32f10x_md.o(.text)
    TAMPER_IRQHandler                        0x08004d67   Thumb Code     0  startup_stm32f10x_md.o(.text)
    TIM1_BRK_IRQHandler                      0x08004d67   Thumb Code     0  startup_stm32f10x_md.o(.text)
    TIM1_CC_IRQHandler                       0x08004d67   Thumb Code     0  startup_stm32f10x_md.o(.text)
    TIM1_TRG_COM_IRQHandler                  0x08004d67   Thumb Code     0  startup_stm32f10x_md.o(.text)
    TIM1_UP_IRQHandler                       0x08004d67   Thumb Code     0  startup_stm32f10x_md.o(.text)
    TIM2_IRQHandler                          0x08004d67   Thumb Code     0  startup_stm32f10x_md.o(.text)
    TIM4_IRQHandler                          0x08004d67   Thumb Code     0  startup_stm32f10x_md.o(.text)
    USBWakeUp_IRQHandler                     0x08004d67   Thumb Code     0  startup_stm32f10x_md.o(.text)
    USB_HP_CAN1_TX_IRQHandler                0x08004d67   Thumb Code     0  startup_stm32f10x_md.o(.text)
    USB_LP_CAN1_RX0_IRQHandler               0x08004d67   Thumb Code     0  startup_stm32f10x_md.o(.text)
    WWDG_IRQHandler                          0x08004d67   Thumb Code     0  startup_stm32f10x_md.o(.text)
    OSTaskReturnHook                         0x08004d71   Thumb Code     2  os_cpu_c.o(.text)
    OSInitHookBegin                          0x08004d73   Thumb Code     2  os_cpu_c.o(.text)
    OSInitHookEnd                            0x08004d75   Thumb Code     2  os_cpu_c.o(.text)
    OSTaskCreateHook                         0x08004d77   Thumb Code     2  os_cpu_c.o(.text)
    OSTaskDelHook                            0x08004d79   Thumb Code     2  os_cpu_c.o(.text)
    OSTaskIdleHook                           0x08004d7b   Thumb Code     2  os_cpu_c.o(.text)
    OSTaskStatHook                           0x08004d7d   Thumb Code     2  os_cpu_c.o(.text)
    OSTaskStkInit                            0x08004d7f   Thumb Code   154  os_cpu_c.o(.text)
    OSTaskSwHook                             0x08004e19   Thumb Code     2  os_cpu_c.o(.text)
    OSTCBInitHook                            0x08004e1b   Thumb Code     2  os_cpu_c.o(.text)
    OSTimeTickHook                           0x08004e1d   Thumb Code     2  os_cpu_c.o(.text)
    OS_TaskStatStkChk                        0x08004e21   Thumb Code    54  os_core.o(.text)
    OS_TaskStat                              0x08004e57   Thumb Code   116  os_core.o(.text)
    OS_TaskIdle                              0x08004eff   Thumb Code    34  os_core.o(.text)
    OS_MemClr                                0x08004f55   Thumb Code    18  os_core.o(.text)
    OSInit                                   0x08005067   Thumb Code    36  os_core.o(.text)
    OSIntEnter                               0x0800508b   Thumb Code    28  os_core.o(.text)
    OSIntExit                                0x080050c1   Thumb Code   112  os_core.o(.text)
    OSSchedLock                              0x08005131   Thumb Code    50  os_core.o(.text)
    OS_Sched                                 0x08005163   Thumb Code    88  os_core.o(.text)
    OSSchedUnlock                            0x080051bb   Thumb Code   230  os_core.o(.text)
    OSStart                                  0x080052a1   Thumb Code    48  os_core.o(.text)
    OSStatInit                               0x080052d1   Thumb Code    62  os_core.o(.text)
    OSTimeTick                               0x0800530f   Thumb Code   210  os_core.o(.text)
    OSVersion                                0x080053e1   Thumb Code     6  os_core.o(.text)
    OS_Dummy                                 0x080053e7   Thumb Code     2  os_core.o(.text)
    OS_EventTaskRemove                       0x080053e9   Thumb Code    42  os_core.o(.text)
    OS_EventTaskRdy                          0x08005413   Thumb Code   114  os_core.o(.text)
    OS_EventTaskWait                         0x08005485   Thumb Code   112  os_core.o(.text)
    OS_EventWaitListInit                     0x080054f5   Thumb Code    28  os_core.o(.text)
    OS_MemCopy                               0x08005511   Thumb Code    20  os_core.o(.text)
    OS_StrLen                                0x08005525   Thumb Code    20  os_core.o(.text)
    OS_TCBInit                               0x08005539   Thumb Code   272  os_core.o(.text)
    OSSemAccept                              0x0800568d   Thumb Code    42  os_sem.o(.text)
    OSSemCreate                              0x080056b7   Thumb Code    68  os_sem.o(.text)
    OSSemDel                                 0x080056fb   Thumb Code   200  os_sem.o(.text)
    OSSemPend                                0x080057c3   Thumb Code   222  os_sem.o(.text)
    OSSemPendAbort                           0x080058a1   Thumb Code   128  os_sem.o(.text)
    OSSemPost                                0x08005921   Thumb Code    88  os_sem.o(.text)
    OSSemQuery                               0x08005979   Thumb Code    76  os_sem.o(.text)
    OSSemSet                                 0x080059c5   Thumb Code    66  os_sem.o(.text)
    OSTaskChangePrio                         0x08005a19   Thumb Code   308  os_task.o(.text)
    OSTaskCreate                             0x08005b4d   Thumb Code   148  os_task.o(.text)
    OS_TaskStkClr                            0x08005be1   Thumb Code    26  os_task.o(.text)
    OSTaskCreateExt                          0x08005bfb   Thumb Code   170  os_task.o(.text)
    OSTaskDel                                0x08005ca5   Thumb Code   280  os_task.o(.text)
    OSTaskDelReq                             0x08005dbd   Thumb Code   144  os_task.o(.text)
    OSTaskNameGet                            0x08005e4d   Thumb Code   114  os_task.o(.text)
    OSTaskNameSet                            0x08005ebf   Thumb Code    98  os_task.o(.text)
    OSTaskResume                             0x08005f21   Thumb Code   154  os_task.o(.text)
    OSTaskStkChk                             0x08005fbb   Thumb Code   132  os_task.o(.text)
    OSTaskSuspend                            0x0800603f   Thumb Code   152  os_task.o(.text)
    OSTaskQuery                              0x080060d7   Thumb Code    82  os_task.o(.text)
    OSTaskRegGet                             0x08006129   Thumb Code    60  os_task.o(.text)
    OSTaskRegSet                             0x08006165   Thumb Code    62  os_task.o(.text)
    OS_TaskReturn                            0x080061a3   Thumb Code    18  os_task.o(.text)
    OSTimeDly                                0x080061cd   Thumb Code   100  os_time.o(.text)
    OSTimeDlyHMSM                            0x08006231   Thumb Code    86  os_time.o(.text)
    OSTimeDlyResume                          0x08006287   Thumb Code   168  os_time.o(.text)
    OSTimeGet                                0x0800632f   Thumb Code    24  os_time.o(.text)
    OSTimeSet                                0x08006347   Thumb Code    24  os_time.o(.text)
    disk_status                              0x0800637d   Thumb Code    12  diskio.o(.text)
    disk_initialize                          0x08006389   Thumb Code    32  diskio.o(.text)
    disk_read                                0x080063a9   Thumb Code    46  diskio.o(.text)
    disk_write                               0x080063d7   Thumb Code    46  diskio.o(.text)
    disk_ioctl                               0x08006405   Thumb Code    94  diskio.o(.text)
    get_fattime                              0x08006469   Thumb Code     4  ff.o(.text)
    clust2sect                               0x08006623   Thumb Code    26  ff.o(.text)
    get_fat                                  0x0800663d   Thumb Code   242  ff.o(.text)
    put_fat                                  0x0800672f   Thumb Code   322  ff.o(.text)
    f_mount                                  0x0800741b   Thumb Code    86  ff.o(.text)
    f_open                                   0x08007471   Thumb Code   374  ff.o(.text)
    f_read                                   0x080075e7   Thumb Code   434  ff.o(.text)
    f_write                                  0x08007799   Thumb Code   472  ff.o(.text)
    f_sync                                   0x08007971   Thumb Code   176  ff.o(.text)
    f_close                                  0x08007a21   Thumb Code    32  ff.o(.text)
    f_lseek                                  0x08007a41   Thumb Code   382  ff.o(.text)
    f_opendir                                0x08007bbf   Thumb Code   110  ff.o(.text)
    f_closedir                               0x08007c2d   Thumb Code    22  ff.o(.text)
    f_readdir                                0x08007c43   Thumb Code    88  ff.o(.text)
    f_stat                                   0x08007c9b   Thumb Code    60  ff.o(.text)
    f_getfree                                0x08007cd7   Thumb Code   258  ff.o(.text)
    f_truncate                               0x08007dd9   Thumb Code   184  ff.o(.text)
    f_unlink                                 0x08007e91   Thumb Code   166  ff.o(.text)
    f_mkdir                                  0x08007f37   Thumb Code   352  ff.o(.text)
    f_chmod                                  0x08008097   Thumb Code    84  ff.o(.text)
    f_rename                                 0x080080eb   Thumb Code   258  ff.o(.text)
    f_utime                                  0x080081ed   Thumb Code    86  ff.o(.text)
    __aeabi_memcpy                           0x08008243   Thumb Code    36  memcpya.o(.text)
    __aeabi_memcpy4                          0x08008243   Thumb Code     0  memcpya.o(.text)
    __aeabi_memcpy8                          0x08008243   Thumb Code     0  memcpya.o(.text)
    strlen                                   0x08008267   Thumb Code    14  strlen.o(.text)
    __aeabi_fadd                             0x08008275   Thumb Code   164  fadd.o(.text)
    __aeabi_fsub                             0x08008319   Thumb Code     6  fadd.o(.text)
    __aeabi_frsub                            0x0800831f   Thumb Code     6  fadd.o(.text)
    __aeabi_fmul                             0x08008325   Thumb Code   100  fmul.o(.text)
    __aeabi_fdiv                             0x08008389   Thumb Code   124  fdiv.o(.text)
    __aeabi_dadd                             0x08008405   Thumb Code   322  dadd.o(.text)
    __aeabi_dsub                             0x08008547   Thumb Code     6  dadd.o(.text)
    __aeabi_drsub                            0x0800854d   Thumb Code     6  dadd.o(.text)
    __aeabi_dmul                             0x08008553   Thumb Code   228  dmul.o(.text)
    __aeabi_ddiv                             0x08008637   Thumb Code   222  ddiv.o(.text)
    __aeabi_i2f                              0x08008715   Thumb Code    18  fflti.o(.text)
    __aeabi_ui2f                             0x08008727   Thumb Code    10  ffltui.o(.text)
    __aeabi_i2d                              0x08008731   Thumb Code    34  dflti.o(.text)
    __aeabi_ui2d                             0x08008753   Thumb Code    26  dfltui.o(.text)
    __aeabi_f2uiz                            0x0800876d   Thumb Code    40  ffixui.o(.text)
    __aeabi_d2iz                             0x08008795   Thumb Code    62  dfixi.o(.text)
    __aeabi_d2uiz                            0x080087d3   Thumb Code    50  dfixui.o(.text)
    __aeabi_f2d                              0x08008805   Thumb Code    38  f2d.o(.text)
    __aeabi_cdcmpeq                          0x0800882d   Thumb Code     0  cdcmple.o(.text)
    __aeabi_cdcmple                          0x0800882d   Thumb Code    48  cdcmple.o(.text)
    __aeabi_d2f                              0x0800885d   Thumb Code    56  d2f.o(.text)
    __aeabi_uidiv                            0x08008895   Thumb Code     0  uidiv.o(.text)
    __aeabi_uidivmod                         0x08008895   Thumb Code    44  uidiv.o(.text)
    __aeabi_uldivmod                         0x080088c1   Thumb Code    98  uldiv.o(.text)
    __aeabi_llsl                             0x08008923   Thumb Code    30  llshl.o(.text)
    _ll_shift_l                              0x08008923   Thumb Code     0  llshl.o(.text)
    __aeabi_llsr                             0x08008941   Thumb Code    32  llushr.o(.text)
    _ll_ushift_r                             0x08008941   Thumb Code     0  llushr.o(.text)
    __aeabi_lasr                             0x08008961   Thumb Code    36  llsshr.o(.text)
    _ll_sshift_r                             0x08008961   Thumb Code     0  llsshr.o(.text)
    __I$use$fp                               0x08008985   Thumb Code     0  iusefp.o(.text)
    _float_round                             0x08008985   Thumb Code    18  fepilogue.o(.text)
    _float_epilogue                          0x08008997   Thumb Code    92  fepilogue.o(.text)
    _double_round                            0x080089f3   Thumb Code    30  depilogue.o(.text)
    _double_epilogue                         0x08008a11   Thumb Code   156  depilogue.o(.text)
    __aeabi_d2ulz                            0x08008aad   Thumb Code    48  dfixul.o(.text)
    __aeabi_cdrcmple                         0x08008add   Thumb Code    48  cdrcmple.o(.text)
    __scatterload                            0x08008b0d   Thumb Code    28  init.o(.text)
    __scatterload_rt2                        0x08008b0d   Thumb Code     0  init.o(.text)
    __decompress                             0x08008b31   Thumb Code     0  __dczerorl2.o(.text)
    __decompress1                            0x08008b31   Thumb Code    86  __dczerorl2.o(.text)
    OS_CPU_SR_Save                           0x08008b89   Thumb Code     0  os_cpu_a.o(.text )
    OS_CPU_SR_Restore                        0x08008b91   Thumb Code     0  os_cpu_a.o(.text )
    OSStartHighRdy                           0x08008b97   Thumb Code     0  os_cpu_a.o(.text )
    OSCtxSw                                  0x08008bb7   Thumb Code     0  os_cpu_a.o(.text )
    OSIntCtxSw                               0x08008bc1   Thumb Code     0  os_cpu_a.o(.text )
    OS_CPU_PendSVHandler                     0x08008bcb   Thumb Code     0  os_cpu_a.o(.text )
    __0sprintf                               0x08008c2d   Thumb Code    34  printfa.o(i.__0sprintf)
    __1sprintf                               0x08008c2d   Thumb Code     0  printfa.o(i.__0sprintf)
    __2sprintf                               0x08008c2d   Thumb Code     0  printfa.o(i.__0sprintf)
    __c89sprintf                             0x08008c2d   Thumb Code     0  printfa.o(i.__0sprintf)
    sprintf                                  0x08008c2d   Thumb Code     0  printfa.o(i.__0sprintf)
    __scatterload_copy                       0x08008c55   Thumb Code    14  handlers.o(i.__scatterload_copy)
    __scatterload_null                       0x08008c63   Thumb Code     2  handlers.o(i.__scatterload_null)
    __scatterload_zeroinit                   0x08008c65   Thumb Code    14  handlers.o(i.__scatterload_zeroinit)
    Zk_ASCII8X16                             0x08009610   Data        1520  tft1_44.o(.constdata)
    OSUnMapTbl                               0x08009c00   Data         256  os_core.o(.constdata)
    Region$$Table$$Base                      0x08009d00   Number         0  anon$$obj.o(Region$$Table)
    Region$$Table$$Limit                     0x08009d20   Number         0  anon$$obj.o(Region$$Table)
    Show_Test                                0x20000000   Data           1  app_show.o(.data)
    F_RET                                    0x20000004   Data           1  para.o(.data)
    Para                                     0x20000008   Data          24  para.o(.data)
    Communicate                              0x20000024   Data           4  communicate.o(.data)
    LED1                                     0x20000028   Data           8  led.o(.data)
    LED_OPS                                  0x20000030   Data          16  led.o(.data)
    RTK_OPS                                  0x20000040   Data           8  rtk.o(.data)
    TFT                                      0x20000048   Data          36  tft1_44.o(.data)
    SD_Type                                  0x2000006c   Data           1  sdcard.o(.data)
    Queue_OPS                                0x20000070   Data          12  queue.o(.data)
    BSP                                      0x2000007c   Data           4  bsp.o(.data)
    DataBuf                                  0x20000080   Data           8  adc.o(.data)
    ADC                                      0x20000088   Data          24  adc.o(.data)
    usTicks                                  0x200000a0   Data           4  time.o(.data)
    Os_Time                                  0x200000a4   Data          16  time.o(.data)
    Usart1                                   0x200000b4   Data          12  usart1.o(.data)
    USART1_IsSendNoFull                      0x200000c0   Data           4  usart1.o(.data)
    USART1_IsRecvNoEmpty                     0x200000c4   Data           4  usart1.o(.data)
    Usart2                                   0x200000c8   Data          12  usart2.o(.data)
    USART2_IsSendNoFull                      0x200000d4   Data           4  usart2.o(.data)
    USART2_IsRecvNoEmpty                     0x200000d8   Data           4  usart2.o(.data)
    Usart3                                   0x200000dc   Data          12  usart3.o(.data)
    USART3_IsSendNoFull                      0x200000e8   Data           4  usart3.o(.data)
    USART3_IsRecvNoEmpty                     0x200000ec   Data           4  usart3.o(.data)
    SystemCoreClock                          0x20000104   Data           4  system_stm32f10x.o(.data)
    AHBPrescTable                            0x20000108   Data          16  system_stm32f10x.o(.data)
    OSCtxSwCtr                               0x20000118   Data           4  os_core.o(.data)
    OSEventFreeList                          0x2000011c   Data           4  os_core.o(.data)
    OSCPUUsage                               0x20000120   Data           1  os_core.o(.data)
    OSIdleCtrMax                             0x20000124   Data           4  os_core.o(.data)
    OSIdleCtrRun                             0x20000128   Data           4  os_core.o(.data)
    OSStatRdy                                0x2000012c   Data           1  os_core.o(.data)
    OSIntNesting                             0x2000012d   Data           1  os_core.o(.data)
    OSLockNesting                            0x2000012e   Data           1  os_core.o(.data)
    OSPrioCur                                0x2000012f   Data           1  os_core.o(.data)
    OSPrioHighRdy                            0x20000130   Data           1  os_core.o(.data)
    OSRdyGrp                                 0x20000131   Data           1  os_core.o(.data)
    OSRdyTbl                                 0x20000132   Data           8  os_core.o(.data)
    OSRunning                                0x2000013a   Data           1  os_core.o(.data)
    OSTaskCtr                                0x2000013b   Data           1  os_core.o(.data)
    OSIdleCtr                                0x2000013c   Data           4  os_core.o(.data)
    OSTCBCur                                 0x20000140   Data           4  os_core.o(.data)
    OSTCBFreeList                            0x20000144   Data           4  os_core.o(.data)
    OSTCBHighRdy                             0x20000148   Data           4  os_core.o(.data)
    OSTCBList                                0x2000014c   Data           4  os_core.o(.data)
    OSTickStepState                          0x20000150   Data           1  os_core.o(.data)
    OSTime                                   0x20000154   Data           4  os_core.o(.data)
    fs                                       0x200012a0   Data         560  para.o(.bss)
    GPS_Data                                 0x200014d0   Data         548  para.o(.bss)
    Para_Data                                0x200016f8   Data         128  para.o(.bss)
    RTK_RMC                                  0x20001778   Data          64  rtk.o(.bss)
    RTK_GGA                                  0x200017b8   Data          64  rtk.o(.bss)
    RTK_GPS                                  0x200017f8   Data          48  rtk.o(.bss)
    SPI_InitStructure                        0x20001828   Data          18  sdcard.o(.bss)
    USART1_TX_BUF                            0x2000183c   Data          32  usart1.o(.bss)
    USART1_RX_BUF                            0x2000185c   Data          32  usart1.o(.bss)
    USART1_QueueSend                         0x2000187c   Data          12  usart1.o(.bss)
    USART1_QueueRecv                         0x20001888   Data          12  usart1.o(.bss)
    USART2_TX_BUF                            0x20001894   Data         240  usart2.o(.bss)
    USART2_RX_BUF                            0x20001984   Data         240  usart2.o(.bss)
    USART2_QueueSend                         0x20001a74   Data          12  usart2.o(.bss)
    USART2_QueueRecv                         0x20001a80   Data          12  usart2.o(.bss)
    USART3_TX_BUF                            0x20001a8c   Data         128  usart3.o(.bss)
    USART3_RX_BUF                            0x20001b0c   Data         128  usart3.o(.bss)
    USART3_QueueSend                         0x20001b8c   Data          12  usart3.o(.bss)
    USART3_QueueRecv                         0x20001b98   Data          12  usart3.o(.bss)
    OSEventTbl                               0x20001ba4   Data         200  os_core.o(.bss)
    OSTaskStatStk                            0x20001c6c   Data         512  os_core.o(.bss)
    OSTaskIdleStk                            0x20001e6c   Data         512  os_core.o(.bss)
    OSTCBPrioTbl                             0x2000206c   Data         256  os_core.o(.bss)
    OSTCBTbl                                 0x2000216c   Data        1584  os_core.o(.bss)
    __initial_sp                             0x20002ba0   Data           0  startup_stm32f10x_md.o(STACK)



==============================================================================

Memory Map of the image

  Image Entry point : 0x08004d4d

  Load Region LR_1 (Base: 0x08000000, Size: 0x00009e80, Max: 0xffffffff, ABSOLUTE, COMPRESSED[0x00009dd0])

    Execution Region ER_RO (Base: 0x08000000, Size: 0x00009d20, Max: 0xffffffff, ABSOLUTE)

    Base Addr    Size         Type   Attr      Idx    E Section Name        Object

    0x08000000   0x000000ec   Data   RO          655    RESET               startup_stm32f10x_md.o
    0x080000ec   0x00000000   Code   RO          830  * .ARM.Collect$$$$00000000  mc_w.l(entry.o)
    0x080000ec   0x00000004   Code   RO         1132    .ARM.Collect$$$$00000001  mc_w.l(entry2.o)
    0x080000f0   0x00000004   Code   RO         1135    .ARM.Collect$$$$00000004  mc_w.l(entry5.o)
    0x080000f4   0x00000000   Code   RO         1137    .ARM.Collect$$$$00000008  mc_w.l(entry7b.o)
    0x080000f4   0x00000000   Code   RO         1139    .ARM.Collect$$$$0000000A  mc_w.l(entry8b.o)
    0x080000f4   0x00000008   Code   RO         1140    .ARM.Collect$$$$0000000B  mc_w.l(entry9a.o)
    0x080000fc   0x00000000   Code   RO         1142    .ARM.Collect$$$$0000000D  mc_w.l(entry10a.o)
    0x080000fc   0x00000000   Code   RO         1144    .ARM.Collect$$$$0000000F  mc_w.l(entry11a.o)
    0x080000fc   0x00000004   Code   RO         1133    .ARM.Collect$$$$00002712  mc_w.l(entry2.o)
    0x08000100   0x0000008c   Code   RO            1    .text               main.o
    0x0800018c   0x00000022   Code   RO          153    .text               stm32f10x_it.o
    0x080001ae   0x00000002   PAD
    0x080001b0   0x00000044   Code   RO          168    .text               app_gather.o
    0x080001f4   0x000001b0   Code   RO          180    .text               app_show.o
    0x080003a4   0x00000214   Code   RO          199    .text               para.o
    0x080005b8   0x00000070   Code   RO          243    .text               communicate.o
    0x08000628   0x00000052   Code   RO          261    .text               led.o
    0x0800067a   0x00000002   PAD
    0x0800067c   0x00000710   Code   RO          279    .text               rtk.o
    0x08000d8c   0x00000718   Code   RO          310    .text               tft1_44.o
    0x080014a4   0x00000794   Code   RO          336    .text               sdcard.o
    0x08001c38   0x0000009e   Code   RO          355    .text               queue.o
    0x08001cd6   0x00000002   PAD
    0x08001cd8   0x00000074   Code   RO          373    .text               bsp.o
    0x08001d4c   0x00000200   Code   RO          395    .text               adc.o
    0x08001f4c   0x000000f0   Code   RO          413    .text               time.o
    0x0800203c   0x00000294   Code   RO          435    .text               usart1.o
    0x080022d0   0x00000270   Code   RO          455    .text               usart2.o
    0x08002540   0x00000274   Code   RO          475    .text               usart3.o
    0x080027b4   0x000000dc   Code   RO          495    .text               misc.o
    0x08002890   0x0000044e   Code   RO          507    .text               stm32f10x_adc.o
    0x08002cde   0x00000002   PAD
    0x08002ce0   0x00000254   Code   RO          519    .text               stm32f10x_dma.o
    0x08002f34   0x0000035c   Code   RO          546    .text               stm32f10x_gpio.o
    0x08003290   0x000003a8   Code   RO          558    .text               stm32f10x_rcc.o
    0x08003638   0x0000030c   Code   RO          572    .text               stm32f10x_spi.o
    0x08003944   0x00000e1a   Code   RO          584    .text               stm32f10x_tim.o
    0x0800475e   0x00000002   PAD
    0x08004760   0x00000408   Code   RO          596    .text               stm32f10x_usart.o
    0x08004b68   0x000001e4   Code   RO          619    .text               system_stm32f10x.o
    0x08004d4c   0x00000024   Code   RO          656  * .text               startup_stm32f10x_md.o
    0x08004d70   0x000000ae   Code   RO          663    .text               os_cpu_c.o
    0x08004e1e   0x00000002   PAD
    0x08004e20   0x0000086c   Code   RO          691    .text               os_core.o
    0x0800568c   0x0000038c   Code   RO          747    .text               os_sem.o
    0x08005a18   0x000007b4   Code   RO          759    .text               os_task.o
    0x080061cc   0x000001b0   Code   RO          771    .text               os_time.o
    0x0800637c   0x000000ec   Code   RO          789    .text               diskio.o
    0x08006468   0x00001dda   Code   RO          810    .text               ff.o
    0x08008242   0x00000024   Code   RO          833    .text               mc_w.l(memcpya.o)
    0x08008266   0x0000000e   Code   RO          835    .text               mc_w.l(strlen.o)
    0x08008274   0x000000b0   Code   RO         1100    .text               mf_w.l(fadd.o)
    0x08008324   0x00000064   Code   RO         1102    .text               mf_w.l(fmul.o)
    0x08008388   0x0000007c   Code   RO         1104    .text               mf_w.l(fdiv.o)
    0x08008404   0x0000014e   Code   RO         1106    .text               mf_w.l(dadd.o)
    0x08008552   0x000000e4   Code   RO         1108    .text               mf_w.l(dmul.o)
    0x08008636   0x000000de   Code   RO         1110    .text               mf_w.l(ddiv.o)
    0x08008714   0x00000012   Code   RO         1112    .text               mf_w.l(fflti.o)
    0x08008726   0x0000000a   Code   RO         1114    .text               mf_w.l(ffltui.o)
    0x08008730   0x00000022   Code   RO         1116    .text               mf_w.l(dflti.o)
    0x08008752   0x0000001a   Code   RO         1118    .text               mf_w.l(dfltui.o)
    0x0800876c   0x00000028   Code   RO         1120    .text               mf_w.l(ffixui.o)
    0x08008794   0x0000003e   Code   RO         1122    .text               mf_w.l(dfixi.o)
    0x080087d2   0x00000032   Code   RO         1124    .text               mf_w.l(dfixui.o)
    0x08008804   0x00000026   Code   RO         1126    .text               mf_w.l(f2d.o)
    0x0800882a   0x00000002   PAD
    0x0800882c   0x00000030   Code   RO         1128    .text               mf_w.l(cdcmple.o)
    0x0800885c   0x00000038   Code   RO         1130    .text               mf_w.l(d2f.o)
    0x08008894   0x0000002c   Code   RO         1147    .text               mc_w.l(uidiv.o)
    0x080088c0   0x00000062   Code   RO         1149    .text               mc_w.l(uldiv.o)
    0x08008922   0x0000001e   Code   RO         1151    .text               mc_w.l(llshl.o)
    0x08008940   0x00000020   Code   RO         1153    .text               mc_w.l(llushr.o)
    0x08008960   0x00000024   Code   RO         1155    .text               mc_w.l(llsshr.o)
    0x08008984   0x00000000   Code   RO         1157    .text               mc_w.l(iusefp.o)
    0x08008984   0x0000006e   Code   RO         1158    .text               mf_w.l(fepilogue.o)
    0x080089f2   0x000000ba   Code   RO         1160    .text               mf_w.l(depilogue.o)
    0x08008aac   0x00000030   Code   RO         1162    .text               mf_w.l(dfixul.o)
    0x08008adc   0x00000030   Code   RO         1164    .text               mf_w.l(cdrcmple.o)
    0x08008b0c   0x00000024   Code   RO         1166    .text               mc_w.l(init.o)
    0x08008b30   0x00000056   Code   RO         1176    .text               mc_w.l(__dczerorl2.o)
    0x08008b86   0x00000002   PAD
    0x08008b88   0x000000a4   Code   RO          660    .text               os_cpu_a.o
    0x08008c2c   0x00000028   Code   RO         1074    i.__0sprintf        mc_w.l(printfa.o)
    0x08008c54   0x0000000e   Code   RO         1170    i.__scatterload_copy  mc_w.l(handlers.o)
    0x08008c62   0x00000002   Code   RO         1171    i.__scatterload_null  mc_w.l(handlers.o)
    0x08008c64   0x0000000e   Code   RO         1172    i.__scatterload_zeroinit  mc_w.l(handlers.o)
    0x08008c72   0x00000002   PAD
    0x08008c74   0x00000164   Code   RO         1079    i._fp_digits        mc_w.l(printfa.o)
    0x08008dd8   0x000006dc   Code   RO         1080    i._printf_core      mc_w.l(printfa.o)
    0x080094b4   0x00000024   Code   RO         1081    i._printf_post_padding  mc_w.l(printfa.o)
    0x080094d8   0x0000002e   Code   RO         1082    i._printf_pre_padding  mc_w.l(printfa.o)
    0x08009506   0x0000000a   Code   RO         1084    i._sputc            mc_w.l(printfa.o)
    0x08009510   0x00000100   Data   RO          281    .constdata          rtk.o
    0x08009610   0x000005f0   Data   RO          311    .constdata          tft1_44.o
    0x08009c00   0x00000100   Data   RO          693    .constdata          os_core.o
    0x08009d00   0x00000020   Data   RO         1168    Region$$Table       anon$$obj.o


    Execution Region ER_RW (Base: 0x20000000, Size: 0x00000160, Max: 0xffffffff, ABSOLUTE, COMPRESSED[0x000000b0])

    Base Addr    Size         Type   Attr      Idx    E Section Name        Object

    0x20000000   0x00000001   Data   RW          181    .data               app_show.o
    0x20000001   0x00000003   PAD
    0x20000004   0x0000001d   Data   RW          201    .data               para.o
    0x20000021   0x00000003   PAD
    0x20000024   0x00000004   Data   RW          244    .data               communicate.o
    0x20000028   0x00000018   Data   RW          262    .data               led.o
    0x20000040   0x00000008   Data   RW          282    .data               rtk.o
    0x20000048   0x00000024   Data   RW          312    .data               tft1_44.o
    0x2000006c   0x00000001   Data   RW          338    .data               sdcard.o
    0x2000006d   0x00000003   PAD
    0x20000070   0x0000000c   Data   RW          356    .data               queue.o
    0x2000007c   0x00000004   Data   RW          374    .data               bsp.o
    0x20000080   0x00000020   Data   RW          396    .data               adc.o
    0x200000a0   0x00000014   Data   RW          414    .data               time.o
    0x200000b4   0x00000014   Data   RW          437    .data               usart1.o
    0x200000c8   0x00000014   Data   RW          457    .data               usart2.o
    0x200000dc   0x00000014   Data   RW          477    .data               usart3.o
    0x200000f0   0x00000014   Data   RW          559    .data               stm32f10x_rcc.o
    0x20000104   0x00000014   Data   RW          620    .data               system_stm32f10x.o
    0x20000118   0x00000040   Data   RW          694    .data               os_core.o
    0x20000158   0x00000006   Data   RW          811    .data               ff.o


    Execution Region ER_ZI (Base: 0x20000160, Size: 0x00002a40, Max: 0xffffffff, ABSOLUTE)

    Base Addr    Size         Type   Attr      Idx    E Section Name        Object

    0x20000160   0x00001140   Zero   RW            2    .bss                main.o
    0x200012a0   0x000004d8   Zero   RW          200    .bss                para.o
    0x20001778   0x000000b0   Zero   RW          280    .bss                rtk.o
    0x20001828   0x00000012   Zero   RW          337    .bss                sdcard.o
    0x2000183a   0x00000002   PAD
    0x2000183c   0x00000058   Zero   RW          436    .bss                usart1.o
    0x20001894   0x000001f8   Zero   RW          456    .bss                usart2.o
    0x20001a8c   0x00000118   Zero   RW          476    .bss                usart3.o
    0x20001ba4   0x00000bf8   Zero   RW          692    .bss                os_core.o
    0x2000279c   0x00000004   PAD
    0x200027a0   0x00000400   Zero   RW          653    STACK               startup_stm32f10x_md.o


==============================================================================

Image component sizes


      Code (inc. data)   RO Data    RW Data    ZI Data      Debug   Object Name

       512         30          0         32          0       1858   adc.o
        68         20          0          0          0        478   app_gather.o
       432         18          0          1          0       2162   app_show.o
       116         24          0          4          0       1085   bsp.o
       112         12          0          4          0       1339   communicate.o
         0          0          0          0          0         32   core_cm3.o
       236          6          0          0          0       3682   diskio.o
      7642         42          0          6          0      24755   ff.o
        82          0          0         24          0       1737   led.o
       140         40          0          0       4416     287053   main.o
       220         22          0          0          0       1741   misc.o
      2156        216        256         64       3064      13791   os_core.o
       164         32          0          0          0        312   os_cpu_a.o
       174          0          0          0          0       9462   os_cpu_c.o
       908         18          0          0          0       3858   os_sem.o
      1972         68          0          0          0       7393   os_task.o
       432         30          0          0          0       1770   os_time.o
       532        154          0         29       1240       7588   para.o
       158          0          0         12          0       2306   queue.o
      1808        102        256          8        176       7025   rtk.o
      1940         24          0          1         18       6409   sdcard.o
        36          8        236          0       1024        784   startup_stm32f10x_md.o
      1102         26          0          0          0      10769   stm32f10x_adc.o
       596          8          0          0          0       4266   stm32f10x_dma.o
       860         38          0          0          0       5585   stm32f10x_gpio.o
        34          0          0          0          0       1592   stm32f10x_it.o
       936         40          0         20          0       8740   stm32f10x_rcc.o
       780         14          0          0          0       6466   stm32f10x_spi.o
      3610         88          0          0          0      22068   stm32f10x_tim.o
      1032         22          0          0          0       8308   stm32f10x_usart.o
       484         42          0         20          0       1775   system_stm32f10x.o
      1816         64       1520         36          0       7321   tft1_44.o
       240         22          0         20          0      17052   time.o
       660         42          0         20         88       3454   usart1.o
       624         42          0         20        504       3232   usart2.o
       628         42          0         20        280       3232   usart3.o

    ----------------------------------------------------------------------
     33254       1356       2300        352      10816     490480   Object Totals
         0          0         32          0          0          0   (incl. Generated)
        12          0          0         11          6          0   (incl. Padding)

    ----------------------------------------------------------------------

      Code (inc. data)   RO Data    RW Data    ZI Data      Debug   Library Member Name

        86          0          0          0          0          0   __dczerorl2.o
         0          0          0          0          0          0   entry.o
         0          0          0          0          0          0   entry10a.o
         0          0          0          0          0          0   entry11a.o
         8          4          0          0          0          0   entry2.o
         4          0          0          0          0          0   entry5.o
         0          0          0          0          0          0   entry7b.o
         0          0          0          0          0          0   entry8b.o
         8          4          0          0          0          0   entry9a.o
        30          0          0          0          0          0   handlers.o
        36          8          0          0          0         68   init.o
         0          0          0          0          0          0   iusefp.o
        30          0          0          0          0         68   llshl.o
        36          0          0          0          0         68   llsshr.o
        32          0          0          0          0         68   llushr.o
        36          0          0          0          0         68   memcpya.o
      2244         86          0          0          0        512   printfa.o
        14          0          0          0          0         68   strlen.o
        44          0          0          0          0         80   uidiv.o
        98          0          0          0          0         92   uldiv.o
        48          0          0          0          0         68   cdcmple.o
        48          0          0          0          0         68   cdrcmple.o
        56          0          0          0          0         88   d2f.o
       334          0          0          0          0        148   dadd.o
       222          0          0          0          0        100   ddiv.o
       186          0          0          0          0        176   depilogue.o
        62          0          0          0          0         80   dfixi.o
        50          0          0          0          0         76   dfixui.o
        48          0          0          0          0         68   dfixul.o
        34          0          0          0          0         76   dflti.o
        26          0          0          0          0         76   dfltui.o
       228          0          0          0          0         96   dmul.o
        38          0          0          0          0         68   f2d.o
       176          0          0          0          0        140   fadd.o
       124          0          0          0          0         88   fdiv.o
       110          0          0          0          0        168   fepilogue.o
        40          0          0          0          0         68   ffixui.o
        18          0          0          0          0         68   fflti.o
        10          0          0          0          0         68   ffltui.o
       100          0          0          0          0         76   fmul.o

    ----------------------------------------------------------------------
      4670        102          0          0          0       2956   Library Totals
         6          0          0          0          0          0   (incl. Padding)

    ----------------------------------------------------------------------

      Code (inc. data)   RO Data    RW Data    ZI Data      Debug   Library Name

      2706        102          0          0          0       1092   mc_w.l
      1958          0          0          0          0       1864   mf_w.l

    ----------------------------------------------------------------------
      4670        102          0          0          0       2956   Library Totals

    ----------------------------------------------------------------------

==============================================================================


      Code (inc. data)   RO Data    RW Data    ZI Data      Debug   

     37924       1458       2300        352      10816     488884   Grand Totals
     37924       1458       2300        176      10816     488884   ELF Image Totals (compressed)
     37924       1458       2300        176          0          0   ROM Totals

==============================================================================

    Total RO  Size (Code + RO Data)                40224 (  39.28kB)
    Total RW  Size (RW Data + ZI Data)             11168 (  10.91kB)
    Total ROM Size (Code + RO Data + RW Data)      40400 (  39.45kB)

==============================================================================

